Archive member included to satisfy reference by file (symbol)

c:/altera/14.1/nios2eds/bin/gnu/h-x86_64-mingw32/bin/../lib/gcc/nios2-elf/4.8.3\libgcc.a(lib2-divmod.o)
                              obj/default/drivers/drivers.o (__divsi3)
c:/altera/14.1/nios2eds/bin/gnu/h-x86_64-mingw32/bin/../lib/gcc/nios2-elf/4.8.3\libgcc.a(fixsfsi.o)
                              obj/default/drivers/drivers.o (__fixsfsi)
c:/altera/14.1/nios2eds/bin/gnu/h-x86_64-mingw32/bin/../lib/gcc/nios2-elf/4.8.3/../../../../../H-x86_64-mingw32/nios2-elf/lib\libc.a(lib_a-malloc.o)
                              obj/default/graphic_lib/draw_gimps.o (malloc)
c:/altera/14.1/nios2eds/bin/gnu/h-x86_64-mingw32/bin/../lib/gcc/nios2-elf/4.8.3/../../../../../H-x86_64-mingw32/nios2-elf/lib\libc.a(lib_a-mallocr.o)
                              c:/altera/14.1/nios2eds/bin/gnu/h-x86_64-mingw32/bin/../lib/gcc/nios2-elf/4.8.3/../../../../../H-x86_64-mingw32/nios2-elf/lib\libc.a(lib_a-malloc.o) (_malloc_r)
c:/altera/14.1/nios2eds/bin/gnu/h-x86_64-mingw32/bin/../lib/gcc/nios2-elf/4.8.3/../../../../../H-x86_64-mingw32/nios2-elf/lib\libc.a(lib_a-memcpy.o)
                              obj/default/graphic_lib/draw_gimps.o (memcpy)
c:/altera/14.1/nios2eds/bin/gnu/h-x86_64-mingw32/bin/../lib/gcc/nios2-elf/4.8.3/../../../../../H-x86_64-mingw32/nios2-elf/lib\libc.a(lib_a-memset.o)
                              obj/default/vip_fr.o (memset)
c:/altera/14.1/nios2eds/bin/gnu/h-x86_64-mingw32/bin/../lib/gcc/nios2-elf/4.8.3/../../../../../H-x86_64-mingw32/nios2-elf/lib\libc.a(lib_a-printf.o)
                              obj/default/graphic_lib/draw_gimps.o (printf)
c:/altera/14.1/nios2eds/bin/gnu/h-x86_64-mingw32/bin/../lib/gcc/nios2-elf/4.8.3/../../../../../H-x86_64-mingw32/nios2-elf/lib\libc.a(lib_a-sbrkr.o)
                              c:/altera/14.1/nios2eds/bin/gnu/h-x86_64-mingw32/bin/../lib/gcc/nios2-elf/4.8.3/../../../../../H-x86_64-mingw32/nios2-elf/lib\libc.a(lib_a-mallocr.o) (_sbrk_r)
c:/altera/14.1/nios2eds/bin/gnu/h-x86_64-mingw32/bin/../lib/gcc/nios2-elf/4.8.3/../../../../../H-x86_64-mingw32/nios2-elf/lib\libc.a(lib_a-strcpy.o)
                              obj/default/graphic_lib/simple_graphics.o (strcpy)
c:/altera/14.1/nios2eds/bin/gnu/h-x86_64-mingw32/bin/../lib/gcc/nios2-elf/4.8.3/../../../../../H-x86_64-mingw32/nios2-elf/lib\libc.a(lib_a-strlen.o)
                              obj/default/graphic_lib/simple_graphics.o (strlen)
c:/altera/14.1/nios2eds/bin/gnu/h-x86_64-mingw32/bin/../lib/gcc/nios2-elf/4.8.3/../../../../../H-x86_64-mingw32/nios2-elf/lib\libc.a(lib_a-vfprintf.o)
                              c:/altera/14.1/nios2eds/bin/gnu/h-x86_64-mingw32/bin/../lib/gcc/nios2-elf/4.8.3/../../../../../H-x86_64-mingw32/nios2-elf/lib\libc.a(lib_a-printf.o) (___vfprintf_internal_r)
c:/altera/14.1/nios2eds/bin/gnu/h-x86_64-mingw32/bin/../lib/gcc/nios2-elf/4.8.3/../../../../../H-x86_64-mingw32/nios2-elf/lib\libc.a(lib_a-wsetup.o)
                              c:/altera/14.1/nios2eds/bin/gnu/h-x86_64-mingw32/bin/../lib/gcc/nios2-elf/4.8.3/../../../../../H-x86_64-mingw32/nios2-elf/lib\libc.a(lib_a-vfprintf.o) (__swsetup_r)
c:/altera/14.1/nios2eds/bin/gnu/h-x86_64-mingw32/bin/../lib/gcc/nios2-elf/4.8.3/../../../../../H-x86_64-mingw32/nios2-elf/lib\libc.a(lib_a-dtoa.o)
                              c:/altera/14.1/nios2eds/bin/gnu/h-x86_64-mingw32/bin/../lib/gcc/nios2-elf/4.8.3/../../../../../H-x86_64-mingw32/nios2-elf/lib\libc.a(lib_a-vfprintf.o) (_dtoa_r)
c:/altera/14.1/nios2eds/bin/gnu/h-x86_64-mingw32/bin/../lib/gcc/nios2-elf/4.8.3/../../../../../H-x86_64-mingw32/nios2-elf/lib\libc.a(lib_a-fflush.o)
                              c:/altera/14.1/nios2eds/bin/gnu/h-x86_64-mingw32/bin/../lib/gcc/nios2-elf/4.8.3/../../../../../H-x86_64-mingw32/nios2-elf/lib\libc.a(lib_a-vfprintf.o) (_fflush_r)
c:/altera/14.1/nios2eds/bin/gnu/h-x86_64-mingw32/bin/../lib/gcc/nios2-elf/4.8.3/../../../../../H-x86_64-mingw32/nios2-elf/lib\libc.a(lib_a-findfp.o)
                              c:/altera/14.1/nios2eds/bin/gnu/h-x86_64-mingw32/bin/../lib/gcc/nios2-elf/4.8.3/../../../../../H-x86_64-mingw32/nios2-elf/lib\libc.a(lib_a-vfprintf.o) (__sinit)
c:/altera/14.1/nios2eds/bin/gnu/h-x86_64-mingw32/bin/../lib/gcc/nios2-elf/4.8.3/../../../../../H-x86_64-mingw32/nios2-elf/lib\libc.a(lib_a-freer.o)
                              c:/altera/14.1/nios2eds/bin/gnu/h-x86_64-mingw32/bin/../lib/gcc/nios2-elf/4.8.3/../../../../../H-x86_64-mingw32/nios2-elf/lib\libc.a(lib_a-malloc.o) (_free_r)
c:/altera/14.1/nios2eds/bin/gnu/h-x86_64-mingw32/bin/../lib/gcc/nios2-elf/4.8.3/../../../../../H-x86_64-mingw32/nios2-elf/lib\libc.a(lib_a-fwalk.o)
                              c:/altera/14.1/nios2eds/bin/gnu/h-x86_64-mingw32/bin/../lib/gcc/nios2-elf/4.8.3/../../../../../H-x86_64-mingw32/nios2-elf/lib\libc.a(lib_a-findfp.o) (_fwalk)
[...]
Memory Configuration

Name             Origin             Length             Attributes
reset            0x0000000004000000 0x0000000000000020
sdram_BEFORE_EXCEPTION 0x0000000004000020 0x000000000057e400
sdram            0x000000000457e420 0x0000000003a81be0
*default*        0x0000000000000000 0xffffffffffffffff

Linker script and memory map

LOAD ../lab5_bsp//obj/HAL/src/crt0.o
LOAD obj/default/drivers/drivers.o
LOAD obj/default/fonts/tahomabold_20.o
LOAD obj/default/fonts/tahomabold_32.o
LOAD obj/default/frame.o
LOAD obj/default/graphic_lib/draw_gimps.o
LOAD obj/default/graphic_lib/gimp_bmp.o
LOAD obj/default/graphic_lib/simple_graphics.o
LOAD obj/default/graphic_lib/simple_text.o
LOAD obj/default/hello_ucosii.o
LOAD obj/default/imagenes/back_down.o
LOAD obj/default/imagenes/back_up.o
LOAD obj/default/imagenes/ford_down.o
LOAD obj/default/imagenes/ford_up.o
LOAD obj/default/imagenes/pause_down.o
LOAD obj/default/imagenes/pause_up.o
LOAD obj/default/imagenes/play_down.o
LOAD obj/default/imagenes/play_up.o
LOAD obj/default/imagenes/stop_down.o
LOAD obj/default/imagenes/stop_up.o
LOAD obj/default/my_images/next_button.o
LOAD obj/default/my_images/next_button_down.o
LOAD obj/default/my_images/prev_button.o
LOAD obj/default/my_images/prev_button_down.o
LOAD obj/default/song/song.o
LOAD obj/default/song2/song2.o
LOAD obj/default/song3/song3.o
LOAD obj/default/song4/song4.o
LOAD obj/default/student_code/student_code.o
LOAD obj/default/vip_fr.o
LOAD c:/altera/14.1/nios2eds/bin/gnu/h-x86_64-mingw32/bin/../lib/gcc/nios2-elf/4.8.3/../../../../../H-x86_64-mingw32/nios2-elf/lib\libstdc++.a
LOAD c:/altera/14.1/nios2eds/bin/gnu/h-x86_64-mingw32/bin/../lib/gcc/nios2-elf/4.8.3/../../../../../H-x86_64-mingw32/nios2-elf/lib\libm.a
LOAD c:/altera/14.1/nios2eds/bin/gnu/h-x86_64-mingw32/bin/../lib/gcc/nios2-elf/4.8.3\libgcc.a
START GROUP
LOAD c:/altera/14.1/nios2eds/bin/gnu/h-x86_64-mingw32/bin/../lib/gcc/nios2-elf/4.8.3/../../../../../H-x86_64-mingw32/nios2-elf/lib\libc.a
LOAD c:/altera/14.1/nios2eds/bin/gnu/h-x86_64-mingw32/bin/../lib/gcc/nios2-elf/4.8.3\libgcc.a
LOAD ../lab5_bsp/\libucosii_bsp.a
LOAD c:/altera/14.1/nios2eds/bin/gnu/h-x86_64-mingw32/bin/../lib/gcc/nios2-elf/4.8.3/../../../../../H-x86_64-mingw32/nios2-elf/lib\libm.a
END GROUP
LOAD c:/altera/14.1/nios2eds/bin/gnu/h-x86_64-mingw32/bin/../lib/gcc/nios2-elf/4.8.3\libgcc.a
                0x0000000004000000                __alt_mem_sdram = 0x4000000

.entry          0x0000000004000000       0x20
 *(.entry)
 .entry         0x0000000004000000       0x20 ../lab5_bsp//obj/HAL/src/crt0.o
                0x0000000004000000                __reset

.exceptions     0x000000000457e420      0x15c
                0x000000000457e420                PROVIDE (__ram_exceptions_start, ABSOLUTE (.))
                0x000000000457e420                . = ALIGN (0x20)
 *(.irq)
 *(.exceptions.entry.label)
 .exceptions.entry.label
                0x000000000457e420        0x0 ../lab5_bsp/\libucosii_bsp.a(alt_irq_entry.o)
                0x000000000457e420                alt_irq_entry
 .exceptions.entry.label
                0x000000000457e420        0x0 ../lab5_bsp/\libucosii_bsp.a(alt_exception_entry.o)
                0x000000000457e420                alt_exception
 *(.exceptions.entry.user)
 *(.exceptions.entry.ecc_fatal)
 *(.exceptions.entry)
 .exceptions.entry
                0x000000000457e420       0x54 ../lab5_bsp/\libucosii_bsp.a(alt_exception_entry.o)
 *(.exceptions.irqtest.user)
 *(.exceptions.irqtest)
 .exceptions.irqtest
                0x000000000457e474       0x10 ../lab5_bsp/\libucosii_bsp.a(alt_irq_entry.o)
 *(.exceptions.irqhandler.user)
 *(.exceptions.irqhandler)
 .exceptions.irqhandler
                0x000000000457e484        0x4 ../lab5_bsp/\libucosii_bsp.a(alt_irq_entry.o)
 *(.exceptions.irqreturn.user)
 *(.exceptions.irqreturn)
 .exceptions.irqreturn
                0x000000000457e488        0x4 ../lab5_bsp/\libucosii_bsp.a(alt_irq_entry.o)
 *(.exceptions.notirq.label)
 .exceptions.notirq.label
                0x000000000457e48c        0x0 ../lab5_bsp/\libucosii_bsp.a(alt_irq_entry.o)
 *(.exceptions.notirq.user)
 *(.exceptions.notirq)
 .exceptions.notirq
                0x000000000457e48c        0x8 ../lab5_bsp/\libucosii_bsp.a(alt_exception_entry.o)
 *(.exceptions.soft.user)
 *(.exceptions.soft)
 *(.exceptions.unknown.user)
 *(.exceptions.unknown)
 .exceptions.unknown
                0x000000000457e494        0x4 ../lab5_bsp/\libucosii_bsp.a(alt_exception_entry.o)
 *(.exceptions.exit.label)
 .exceptions.exit.label
                0x000000000457e498        0x0 ../lab5_bsp/\libucosii_bsp.a(alt_irq_entry.o)
 .exceptions.exit.label
                0x000000000457e498        0x0 ../lab5_bsp/\libucosii_bsp.a(alt_exception_entry.o)
 *(.exceptions.exit.user)
 *(.exceptions.exit)
 .exceptions.exit
                0x000000000457e498       0x54 ../lab5_bsp/\libucosii_bsp.a(alt_exception_entry.o)
 *(.exceptions)
 .exceptions    0x000000000457e4ec       0x90 ../lab5_bsp/\libucosii_bsp.a(alt_irq_handler.o)
                0x000000000457e4ec                alt_irq_handler
                0x000000000457e57c                PROVIDE (__ram_exceptions_end, ABSOLUTE (.))
                0x000000000457e420                PROVIDE (__flash_exceptions_start, LOADADDR (.exceptions))

.text           0x000000000457e57c    0x1a15c
                0x000000000457e57c                PROVIDE (stext, ABSOLUTE (.))
 *(.interp)
 *(.hash)
 *(.dynsym)
 *(.dynstr)
 *(.gnu.version)
 *(.gnu.version_d)
 *(.gnu.version_r)
 *(.rel.init)
 *(.rela.init)
 *(.rel.text .rel.text.* .rel.gnu.linkonce.t.*)
 *(.rela.text .rela.text.* .rela.gnu.linkonce.t.*)
 *(.rel.fini)
 *(.rela.fini)
 *(.rel.rodata .rel.rodata.* .rel.gnu.linkonce.r.*)
 *(.rela.rodata .rela.rodata.* .rela.gnu.linkonce.r.*)
 *(.rel.data .rel.data.* .rel.gnu.linkonce.d.*)
 *(.rela.data .rela.data.* .rela.gnu.linkonce.d.*)
 *(.rel.tdata .rel.tdata.* .rel.gnu.linkonce.td.*)
 *(.rela.tdata .rela.tdata.* .rela.gnu.linkonce.td.*)
 *(.rel.tbss .rel.tbss.* .rel.gnu.linkonce.tb.*)
 *(.rela.tbss .rela.tbss.* .rela.gnu.linkonce.tb.*)
 *(.rel.ctors)
 *(.rela.ctors)
 *(.rel.dtors)
 *(.rela.dtors)
 *(.rel.got)
 *(.rela.got)
 *(.rel.sdata .rel.sdata.* .rel.gnu.linkonce.s.*)
 *(.rela.sdata .rela.sdata.* .rela.gnu.linkonce.s.*)
 *(.rel.sbss .rel.sbss.* .rel.gnu.linkonce.sb.*)
 *(.rela.sbss .rela.sbss.* .rela.gnu.linkonce.sb.*)
 *(.rel.sdata2 .rel.sdata2.* .rel.gnu.linkonce.s2.*)
 *(.rela.sdata2 .rela.sdata2.* .rela.gnu.linkonce.s2.*)
 *(.rel.sbss2 .rel.sbss2.* .rel.gnu.linkonce.sb2.*)
 *(.rela.sbss2 .rela.sbss2.* .rela.gnu.linkonce.sb2.*)
 *(.rel.bss .rel.bss.* .rel.gnu.linkonce.b.*)
 *(.rela.bss .rela.bss.* .rela.gnu.linkonce.b.*)
 *(.rel.plt)
 *(.rela.plt)
 *(.rel.dyn)
 *(.init)
 *(.plt)
 *(.text .stub .text.* .gnu.linkonce.t.*)
 .text          0x000000000457e57c       0x4c ../lab5_bsp//obj/HAL/src/crt0.o
                0x000000000457e57c                _start
 .text          0x000000000457e5c8     0x182c obj/default/drivers/drivers.o
                0x000000000457e5c8                audio_dac_wr_fifo
                0x000000000457e63c                stop_wav
                0x000000000457e660                play_wav
                0x000000000457e67c                pause_wav
                0x000000000457e694                audio_dac_fifo_full
                0x000000000457e6a8                init_audio_hw
                0x000000000457e6e4                set_audio_frequency_audio_controller
                0x000000000457e71c                set_note
                0x000000000457e754                select_modulation
                0x000000000457e768                select_signal
                0x000000000457e77c                audio_selector
                0x000000000457e790                read_keyboard
                0x000000000457e7a0                mouse_pos
                0x000000000457e854                Sleep
                0x000000000457e8a0                Beep
                0x000000000457e8dc                starwars
                0x000000000457ea3c                gloria
                0x000000000457ef20                mario
                0x000000000457f7c0                tetris
 .text          0x000000000457fdf4        0x0 obj/default/fonts/tahomabold_20.o
 .text          0x000000000457fdf4        0x0 obj/default/fonts/tahomabold_32.o
 .text          0x000000000457fdf4      0x120 obj/default/frame.o
                0x000000000457fdf4                ConfigVFR
                0x000000000457feb4                GetFrameBuffer
                0x000000000457fed0                cleanscreen
 .text          0x000000000457ff14      0x55c obj/default/graphic_lib/draw_gimps.o
                0x000000000457ff14                AsVidCopyImageToBuffer
                0x000000000457ffec                AsVidCopyImageToBuffer2
                0x00000000045800e8                AsVidCopyImageToBuffer3
                0x0000000004580208                DispIMAGE
                0x00000000045802b8                DispIMAGE_fit
                0x00000000045803a4                DispIMAGE_from_gimp
 .text          0x0000000004580470      0x508 obj/default/graphic_lib/gimp_bmp.o
                0x0000000004580470                copy_pix_map_32_to_32
                0x00000000045804e0                copy_pix_map_32_to_24
                0x0000000004580560                copy_pix_map_32_to_16
                0x00000000045805e8                copy_pix_map_24_to_32
                0x0000000004580670                copy_pix_map_24_to_24
                0x00000000045806f0                copy_pix_map_24_to_16
                0x0000000004580798                load_gimp_bmp
 .text          0x0000000004580978     0x1ff0 obj/default/graphic_lib/simple_graphics.o
                0x0000000004580978                vid_scroll_string_quit
                0x00000000045809a8                vid_scroll_string_init
                0x0000000004580a94                vid_set_pixel
                0x0000000004580b88                vid_print_char
                0x0000000004580c70                vid_print_string
                0x0000000004580d48                vid_get_pixel
                0x0000000004580da4                vid_move_block
                0x0000000004580ea8                vid_paint_block
                0x0000000004581028                vid_clean_screen
                0x0000000004581058                vid_draw_horiz_line
                0x000000000458128c                vid_merge_colors
                0x00000000045812a8                vid_color_convert24_16
                0x00000000045812dc                vid_color_convert16_24
                0x0000000004581304                vid_copy_line_to_frame_buffer
                0x00000000045814bc                vid_draw_sloped_line
                0x0000000004581648                vid_draw_line
                0x00000000045816c4                vid_draw_box
                0x000000000458183c                vid_scroll_string
                0x0000000004581a6c                vid_round_corner_points
                0x0000000004581ee8                vid_draw_circle
                0x0000000004582000                vid_draw_round_corner_box
                0x00000000045822f0                max3
                0x0000000004582308                min3
                0x0000000004582320                max_diff3
                0x000000000458234c                vid_put_pixel_in_span_map
                0x0000000004582390                vid_bres_scan_edges
                0x00000000045824d8                vid_draw_triangle
                0x00000000045827ac                CopyImage16
                0x000000000458286c                CropImage16
 .text          0x0000000004582968      0xb48 obj/default/graphic_lib/simple_text.o
                0x0000000004582968                seperate_color_channels
                0x00000000045829f8                merge_color_channels
                0x0000000004582a70                read_from_frame
                0x0000000004582bc4                alpha_blending
                0x0000000004582e70                vid_print_char_alpha
                0x0000000004583298                vid_print_string_alpha
                0x0000000004583434                vid_string_pixel_length_alpha
 .text          0x00000000045834b0     0x2480 obj/default/hello_ucosii.o
                0x00000000045834b0                draw_button
                0x000000000458362c                task2
                0x0000000004585150                init_background
                0x0000000004585610                send_audio_fifo
                0x000000000458568c                task1
                0x0000000004585850                main
 .text          0x0000000004585930        0x0 obj/default/imagenes/back_down.o
 .text          0x0000000004585930        0x0 obj/default/imagenes/back_up.o
 .text          0x0000000004585930        0x0 obj/default/imagenes/ford_down.o
 .text          0x0000000004585930        0x0 obj/default/imagenes/ford_up.o
 .text          0x0000000004585930        0x0 obj/default/imagenes/pause_down.o
 .text          0x0000000004585930        0x0 obj/default/imagenes/pause_up.o
 .text          0x0000000004585930        0x0 obj/default/imagenes/play_down.o
 .text          0x0000000004585930        0x0 obj/default/imagenes/play_up.o
 .text          0x0000000004585930        0x0 obj/default/imagenes/stop_down.o
 .text          0x0000000004585930        0x0 obj/default/imagenes/stop_up.o
 .text          0x0000000004585930        0x0 obj/default/my_images/next_button.o
 .text          0x0000000004585930        0x0 obj/default/my_images/next_button_down.o
 .text          0x0000000004585930        0x0 obj/default/my_images/prev_button.o
 .text          0x0000000004585930        0x0 obj/default/my_images/prev_button_down.o
 .text          0x0000000004585930        0x0 obj/default/song/song.o
 .text          0x0000000004585930        0x0 obj/default/song2/song2.o
 .text          0x0000000004585930        0x0 obj/default/song3/song3.o
 .text          0x0000000004585930        0x0 obj/default/song4/song4.o
 .text          0x0000000004585930       0xa0 obj/default/student_code/student_code.o
                0x0000000004585930                handle_lfsr_interrupts
                0x0000000004585988                init_lfsr_interrupt
 .text          0x00000000045859d0      0x2bc obj/default/vip_fr.o
                0x00000000045859d0                VIPFR_UnInit
                0x00000000045859ec                VIPFR_Go
                0x00000000045859fc                VIPFR_GetDrawFrame
                0x0000000004585a14                VIPFR_ActiveDrawFrame
                0x0000000004585a5c                DRAW_EraseScreen
                0x0000000004585aac                FrameReader_SetFrame0
                0x0000000004585ad4                FrameReader_SetFrame1
                0x0000000004585afc                VIPFR_SetFrameSize
                0x0000000004585b84                VIPFR_Init
                0x0000000004585c28                FrameReader_SelectFrame
                0x0000000004585c34                FrameReader_Go
                0x0000000004585c40                VIPFR_ReserveBackground
 .text          0x0000000004585c8c      0x114 c:/altera/14.1/nios2eds/bin/gnu/h-x86_64-mingw32/bin/../lib/gcc/nios2-elf/4.8.3\libgcc.a(lib2-divmod.o)
                0x0000000004585cfc                __divsi3
                0x0000000004585d44                __modsi3
                0x0000000004585d90                __udivsi3
                0x0000000004585d98                __umodsi3
 .text          0x0000000004585da0       0x70 c:/altera/14.1/nios2eds/bin/gnu/h-x86_64-mingw32/bin/../lib/gcc/nios2-elf/4.8.3\libgcc.a(fixsfsi.o)
                0x0000000004585da0                __fixsfsi
 .text          0x0000000004585e10       0x28 c:/altera/14.1/nios2eds/bin/gnu/h-x86_64-mingw32/bin/../lib/gcc/nios2-elf/4.8.3/../../../../../H-x86_64-mingw32/nios2-elf/lib\libc.a(lib_a-malloc.o)
                0x0000000004585e10                malloc
                0x0000000004585e24                free
 .text          0x0000000004585e38      0x7c4 c:/altera/14.1/nios2eds/bin/gnu/h-x86_64-mingw32/bin/../lib/gcc/nios2-elf/4.8.3/../../../../../H-x86_64-mingw32/nios2-elf/lib\libc.a(lib_a-mallocr.o)
                0x0000000004585e38                _malloc_r
 .text          0x00000000045865fc      0x10c c:/altera/14.1/nios2eds/bin/gnu/h-x86_64-mingw32/bin/../lib/gcc/nios2-elf/4.8.3/../../../../../H-x86_64-mingw32/nios2-elf/lib\libc.a(lib_a-memcpy.o)
                0x00000000045865fc                memcpy
 .text          0x0000000004586708      0x114 c:/altera/14.1/nios2eds/bin/gnu/h-x86_64-mingw32/bin/../lib/gcc/nios2-elf/4.8.3/../../../../../H-x86_64-mingw32/nios2-elf/lib\libc.a(lib_a-memset.o)
                0x0000000004586708                memset
 .text          0x000000000458681c       0x68 c:/altera/14.1/nios2eds/bin/gnu/h-x86_64-mingw32/bin/../lib/gcc/nios2-elf/4.8.3/../../../../../H-x86_64-mingw32/nios2-elf/lib\libc.a(lib_a-printf.o)
                0x000000000458681c                _printf_r
                0x0000000004586848                printf
 .text          0x0000000004586884       0x64 c:/altera/14.1/nios2eds/bin/gnu/h-x86_64-mingw32/bin/../lib/gcc/nios2-elf/4.8.3/../../../../../H-x86_64-mingw32/nios2-elf/lib\libc.a(lib_a-sbrkr.o)
                0x0000000004586884                _sbrk_r
 .text          0x00000000045868e8       0x88 c:/altera/14.1/nios2eds/bin/gnu/h-x86_64-mingw32/bin/../lib/gcc/nios2-elf/4.8.3/../../../../../H-x86_64-mingw32/nios2-elf/lib\libc.a(lib_a-strcpy.o)
                0x00000000045868e8                strcpy
 .text          0x0000000004586970       0x8c c:/altera/14.1/nios2eds/bin/gnu/h-x86_64-mingw32/bin/../lib/gcc/nios2-elf/4.8.3/../../../../../H-x86_64-mingw32/nios2-elf/lib\libc.a(lib_a-strlen.o)
                0x0000000004586970                strlen
 .text          0x00000000045869fc     0x2000 c:/altera/14.1/nios2eds/bin/gnu/h-x86_64-mingw32/bin/../lib/gcc/nios2-elf/4.8.3/../../../../../H-x86_64-mingw32/nios2-elf/lib\libc.a(lib_a-vfprintf.o)
                0x00000000045869fc                ___vfprintf_internal_r
                0x00000000045889d8                __vfprintf_internal
 .text          0x00000000045889fc      0x138 c:/altera/14.1/nios2eds/bin/gnu/h-x86_64-mingw32/bin/../lib/gcc/nios2-elf/4.8.3/../../../../../H-x86_64-mingw32/nios2-elf/lib\libc.a(lib_a-wsetup.o)
                0x00000000045889fc                __swsetup_r
 .text          0x0000000004588b34     0x1840 c:/altera/14.1/nios2eds/bin/gnu/h-x86_64-mingw32/bin/../lib/gcc/nios2-elf/4.8.3/../../../../../H-x86_64-mingw32/nios2-elf/lib\libc.a(lib_a-dtoa.o)
                0x0000000004588d38                _dtoa_r
 .text          0x000000000458a374      0x274 c:/altera/14.1/nios2eds/bin/gnu/h-x86_64-mingw32/bin/../lib/gcc/nios2-elf/4.8.3/../../../../../H-x86_64-mingw32/nios2-elf/lib\libc.a(lib_a-fflush.o)
                0x000000000458a374                _fflush_r
                0x000000000458a5b8                fflush
 .text          0x000000000458a5e8      0x390 c:/altera/14.1/nios2eds/bin/gnu/h-x86_64-mingw32/bin/../lib/gcc/nios2-elf/4.8.3/../../../../../H-x86_64-mingw32/nios2-elf/lib\libc.a(lib_a-findfp.o)
                0x000000000458a5f8                _cleanup_r
                0x000000000458a604                __sfmoreglue
                0x000000000458a668                _cleanup
                0x000000000458a680                __sinit
                0x000000000458a81c                __sfp
                0x000000000458a938                __sfp_lock_acquire
                0x000000000458a93c                __sfp_lock_release
                0x000000000458a940                __sinit_lock_acquire
                0x000000000458a944                __sinit_lock_release
                0x000000000458a948                __fp_lock_all
                0x000000000458a960                __fp_unlock_all
 .text          0x000000000458a978      0x40c c:/altera/14.1/nios2eds/bin/gnu/h-x86_64-mingw32/bin/../lib/gcc/nios2-elf/4.8.3/../../../../../H-x86_64-mingw32/nios2-elf/lib\libc.a(lib_a-freer.o)
                0x000000000458a978                _malloc_trim_r
                0x000000000458aab4                _free_r
 .text          0x000000000458ad84      0x160 c:/altera/14.1/nios2eds/bin/gnu/h-x86_64-mingw32/bin/../lib/gcc/nios2-elf/4.8.3/../../../../../H-x86_64-mingw32/nios2-elf/lib\libc.a(lib_a-fwalk.o)
                0x000000000458ad84                _fwalk
                0x000000000458ae2c                _fwalk_reent
 .text          0x000000000458aee4        0x0 c:/altera/14.1/nios2eds/bin/gnu/h-x86_64-mingw32/bin/../lib/gcc/nios2-elf/4.8.3/../../../../../H-x86_64-mingw32/nios2-elf/lib\libc.a(lib_a-impure.o)
 .text          0x000000000458aee4        0x0 c:/altera/14.1/nios2eds/bin/gnu/h-x86_64-mingw32/bin/../lib/gcc/nios2-elf/4.8.3/../../../../../H-x86_64-mingw32/nios2-elf/lib\libc.a(lib_a-int_errno.o)
 .text          0x000000000458aee4       0xd4 c:/altera/14.1/nios2eds/bin/gnu/h-x86_64-mingw32/bin/../lib/gcc/nios2-elf/4.8.3/../../../../../H-x86_64-mingw32/nios2-elf/lib\libc.a(lib_a-locale.o)
                0x000000000458aee4                _setlocale_r
                0x000000000458af54                __locale_charset
                0x000000000458af60                __locale_mb_cur_max
                0x000000000458af70                __locale_msgcharset
                0x000000000458af7c                __locale_cjk_lang
                0x000000000458af84                _localeconv_r
                0x000000000458af90                setlocale
                0x000000000458afac                localeconv
 .text          0x000000000458afb8      0x1b4 c:/altera/14.1/nios2eds/bin/gnu/h-x86_64-mingw32/bin/../lib/gcc/nios2-elf/4.8.3/../../../../../H-x86_64-mingw32/nios2-elf/lib\libc.a(lib_a-makebuf.o)
                0x000000000458afb8                __smakebuf_r
 .text          0x000000000458b16c       0xe8 c:/altera/14.1/nios2eds/bin/gnu/h-x86_64-mingw32/bin/../lib/gcc/nios2-elf/4.8.3/../../../../../H-x86_64-mingw32/nios2-elf/lib\libc.a(lib_a-memchr.o)
                0x000000000458b16c                memchr
 .text          0x000000000458b254      0xf78 c:/altera/14.1/nios2eds/bin/gnu/h-x86_64-mingw32/bin/../lib/gcc/nios2-elf/4.8.3/../../../../../H-x86_64-mingw32/nios2-elf/lib\libc.a(lib_a-mprec.o)
                0x000000000458b254                _Balloc
                0x000000000458b2fc                _Bfree
                0x000000000458b324                __multadd
                0x000000000458b438                __s2b
                0x000000000458b53c                __hi0bits
                0x000000000458b5a4                __lo0bits
                0x000000000458b654                __i2b
                0x000000000458b690                __multiply
                0x000000000458b87c                __pow5mult
                0x000000000458b9c4                __lshift
                0x000000000458bb14                __mcmp
                0x000000000458bb74                __mdiff
                0x000000000458bd24                __ulp
                0x000000000458bd84                __b2d
                0x000000000458be74                __d2b
                0x000000000458bfb8                __ratio
                0x000000000458c058                _mprec_log10
                0x000000000458c0cc                __copybits
                0x000000000458c144                __any_on
 .text          0x000000000458c1cc       0x68 c:/altera/14.1/nios2eds/bin/gnu/h-x86_64-mingw32/bin/../lib/gcc/nios2-elf/4.8.3/../../../../../H-x86_64-mingw32/nios2-elf/lib\libc.a(lib_a-s_fpclassify.o)
                0x000000000458c1cc                __fpclassifyd
 .text          0x000000000458c234      0x13c c:/altera/14.1/nios2eds/bin/gnu/h-x86_64-mingw32/bin/../lib/gcc/nios2-elf/4.8.3/../../../../../H-x86_64-mingw32/nios2-elf/lib\libc.a(lib_a-stdio.o)
                0x000000000458c234                __sread
                0x000000000458c288                __seofread
                0x000000000458c290                __swrite
                0x000000000458c30c                __sseek
                0x000000000458c368                __sclose
 .text          0x000000000458c370       0xa4 c:/altera/14.1/nios2eds/bin/gnu/h-x86_64-mingw32/bin/../lib/gcc/nios2-elf/4.8.3/../../../../../H-x86_64-mingw32/nios2-elf/lib\libc.a(lib_a-strcmp.o)
                0x000000000458c370                strcmp
 .text          0x000000000458c414     0x13a8 c:/altera/14.1/nios2eds/bin/gnu/h-x86_64-mingw32/bin/../lib/gcc/nios2-elf/4.8.3/../../../../../H-x86_64-mingw32/nios2-elf/lib\libc.a(lib_a-vfiprintf.o)
                0x000000000458c510                __sprint_r
                0x000000000458c528                ___vfiprintf_internal_r
                0x000000000458d798                __vfiprintf_internal
 .text          0x000000000458d7bc       0x6c c:/altera/14.1/nios2eds/bin/gnu/h-x86_64-mingw32/bin/../lib/gcc/nios2-elf/4.8.3/../../../../../H-x86_64-mingw32/nios2-elf/lib\libc.a(lib_a-writer.o)
                0x000000000458d7bc                _write_r
 .text          0x000000000458d828       0x64 c:/altera/14.1/nios2eds/bin/gnu/h-x86_64-mingw32/bin/../lib/gcc/nios2-elf/4.8.3/../../../../../H-x86_64-mingw32/nios2-elf/lib\libc.a(closer.o)
                0x000000000458d828                _close_r
 .text          0x000000000458d88c       0xc4 c:/altera/14.1/nios2eds/bin/gnu/h-x86_64-mingw32/bin/../lib/gcc/nios2-elf/4.8.3/../../../../../H-x86_64-mingw32/nios2-elf/lib\libc.a(lib_a-callocr.o)
                0x000000000458d88c                _calloc_r
 .text          0x000000000458d950      0x13c c:/altera/14.1/nios2eds/bin/gnu/h-x86_64-mingw32/bin/../lib/gcc/nios2-elf/4.8.3/../../../../../H-x86_64-mingw32/nios2-elf/lib\libc.a(lib_a-fclose.o)
                0x000000000458d950                _fclose_r
                0x000000000458da78                fclose
 .text          0x000000000458da8c      0x1fc c:/altera/14.1/nios2eds/bin/gnu/h-x86_64-mingw32/bin/../lib/gcc/nios2-elf/4.8.3/../../../../../H-x86_64-mingw32/nios2-elf/lib\libc.a(lib_a-fputwc.o)
                0x000000000458da8c                _fputwc_r
                0x000000000458dc10                fputwc
 .text          0x000000000458dc88       0x68 c:/altera/14.1/nios2eds/bin/gnu/h-x86_64-mingw32/bin/../lib/gcc/nios2-elf/4.8.3/../../../../../H-x86_64-mingw32/nios2-elf/lib\libc.a(lib_a-fstatr.o)
                0x000000000458dc88                _fstat_r
 .text          0x000000000458dcf0      0x4ac c:/altera/14.1/nios2eds/bin/gnu/h-x86_64-mingw32/bin/../lib/gcc/nios2-elf/4.8.3/../../../../../H-x86_64-mingw32/nios2-elf/lib\libc.a(lib_a-fvwrite.o)
                0x000000000458dcf0                __sfvwrite_r
 .text          0x000000000458e19c       0x64 c:/altera/14.1/nios2eds/bin/gnu/h-x86_64-mingw32/bin/../lib/gcc/nios2-elf/4.8.3/../../../../../H-x86_64-mingw32/nios2-elf/lib\libc.a(lib_a-isattyr.o)
                0x000000000458e19c                _isatty_r
 .text          0x000000000458e200       0x6c c:/altera/14.1/nios2eds/bin/gnu/h-x86_64-mingw32/bin/../lib/gcc/nios2-elf/4.8.3/../../../../../H-x86_64-mingw32/nios2-elf/lib\libc.a(lib_a-lseekr.o)
                0x000000000458e200                _lseek_r
 .text          0x000000000458e26c      0x13c c:/altera/14.1/nios2eds/bin/gnu/h-x86_64-mingw32/bin/../lib/gcc/nios2-elf/4.8.3/../../../../../H-x86_64-mingw32/nios2-elf/lib\libc.a(lib_a-memmove.o)
                0x000000000458e26c                memmove
 .text          0x000000000458e3a8       0x6c c:/altera/14.1/nios2eds/bin/gnu/h-x86_64-mingw32/bin/../lib/gcc/nios2-elf/4.8.3/../../../../../H-x86_64-mingw32/nios2-elf/lib\libc.a(lib_a-readr.o)
                0x000000000458e3a8                _read_r
 .text          0x000000000458e414      0x564 c:/altera/14.1/nios2eds/bin/gnu/h-x86_64-mingw32/bin/../lib/gcc/nios2-elf/4.8.3/../../../../../H-x86_64-mingw32/nios2-elf/lib\libc.a(lib_a-reallocr.o)
                0x000000000458e414                _realloc_r
 .text          0x000000000458e978      0x19c c:/altera/14.1/nios2eds/bin/gnu/h-x86_64-mingw32/bin/../lib/gcc/nios2-elf/4.8.3/../../../../../H-x86_64-mingw32/nios2-elf/lib\libc.a(lib_a-wbuf.o)
                0x000000000458e978                __swbuf_r
                0x000000000458eaf8                __swbuf
 .text          0x000000000458eb14      0x174 c:/altera/14.1/nios2eds/bin/gnu/h-x86_64-mingw32/bin/../lib/gcc/nios2-elf/4.8.3/../../../../../H-x86_64-mingw32/nios2-elf/lib\libc.a(lib_a-wcrtomb.o)
                0x000000000458eb14                _wcrtomb_r
                0x000000000458ebb0                wcrtomb
 .text          0x000000000458ec88       0x8c c:/altera/14.1/nios2eds/bin/gnu/h-x86_64-mingw32/bin/../lib/gcc/nios2-elf/4.8.3/../../../../../H-x86_64-mingw32/nios2-elf/lib\libc.a(lib_a-wctomb_r.o)
                0x000000000458ec88                __ascii_wctomb
                0x000000000458ecb8                _wctomb_r
 .text          0x000000000458ed14      0x5c4 c:/altera/14.1/nios2eds/bin/gnu/h-x86_64-mingw32/bin/../lib/gcc/nios2-elf/4.8.3\libgcc.a(_udivdi3.o)
                0x000000000458ed14                __udivdi3
 .text          0x000000000458f2d8      0x598 c:/altera/14.1/nios2eds/bin/gnu/h-x86_64-mingw32/bin/../lib/gcc/nios2-elf/4.8.3\libgcc.a(_umoddi3.o)
                0x000000000458f2d8                __umoddi3
 .text          0x000000000458f870      0x87c c:/altera/14.1/nios2eds/bin/gnu/h-x86_64-mingw32/bin/../lib/gcc/nios2-elf/4.8.3\libgcc.a(adddf3.o)
                0x000000000458f870                __adddf3
 .text          0x00000000045900ec      0x8d4 c:/altera/14.1/nios2eds/bin/gnu/h-x86_64-mingw32/bin/../lib/gcc/nios2-elf/4.8.3\libgcc.a(divdf3.o)
                0x00000000045900ec                __divdf3
 .text          0x00000000045909c0       0x84 c:/altera/14.1/nios2eds/bin/gnu/h-x86_64-mingw32/bin/../lib/gcc/nios2-elf/4.8.3\libgcc.a(eqdf2.o)
                0x00000000045909c0                __nedf2
                0x00000000045909c0                __eqdf2
 .text          0x0000000004590a44       0xd8 c:/altera/14.1/nios2eds/bin/gnu/h-x86_64-mingw32/bin/../lib/gcc/nios2-elf/4.8.3\libgcc.a(gedf2.o)
                0x0000000004590a44                __gedf2
                0x0000000004590a44                __gtdf2
 .text          0x0000000004590b1c       0xec c:/altera/14.1/nios2eds/bin/gnu/h-x86_64-mingw32/bin/../lib/gcc/nios2-elf/4.8.3\libgcc.a(ledf2.o)
                0x0000000004590b1c                __ledf2
                0x0000000004590b1c                __ltdf2
 .text          0x0000000004590c08      0x6ec c:/altera/14.1/nios2eds/bin/gnu/h-x86_64-mingw32/bin/../lib/gcc/nios2-elf/4.8.3\libgcc.a(muldf3.o)
                0x0000000004590c08                __muldf3
 .text          0x00000000045912f4      0x888 c:/altera/14.1/nios2eds/bin/gnu/h-x86_64-mingw32/bin/../lib/gcc/nios2-elf/4.8.3\libgcc.a(subdf3.o)
                0x00000000045912f4                __subdf3
 .text          0x0000000004591b7c       0x80 c:/altera/14.1/nios2eds/bin/gnu/h-x86_64-mingw32/bin/../lib/gcc/nios2-elf/4.8.3\libgcc.a(fixdfsi.o)
                0x0000000004591b7c                __fixdfsi
 .text          0x0000000004591bfc       0xd0 c:/altera/14.1/nios2eds/bin/gnu/h-x86_64-mingw32/bin/../lib/gcc/nios2-elf/4.8.3\libgcc.a(floatsidf.o)
                0x0000000004591bfc                __floatsidf
 .text          0x0000000004591ccc       0xa0 c:/altera/14.1/nios2eds/bin/gnu/h-x86_64-mingw32/bin/../lib/gcc/nios2-elf/4.8.3\libgcc.a(floatunsidf.o)
                0x0000000004591ccc                __floatunsidf
 .text          0x0000000004591d6c        0x0 c:/altera/14.1/nios2eds/bin/gnu/h-x86_64-mingw32/bin/../lib/gcc/nios2-elf/4.8.3\libgcc.a(_clz.o)
 .text          0x0000000004591d6c       0xac c:/altera/14.1/nios2eds/bin/gnu/h-x86_64-mingw32/bin/../lib/gcc/nios2-elf/4.8.3\libgcc.a(_clzsi2.o)
                0x0000000004591d6c                __clzsi2
 .text          0x0000000004591e18       0xcc ../lab5_bsp/\libucosii_bsp.a(alt_close.o)
                0x0000000004591e18                close
 .text          0x0000000004591ee4       0x18 ../lab5_bsp/\libucosii_bsp.a(alt_dcache_flush_all.o)
                0x0000000004591ee4                alt_dcache_flush_all
 .text          0x0000000004591efc        0x8 ../lab5_bsp/\libucosii_bsp.a(alt_dev.o)
 .text          0x0000000004591f04        0x0 ../lab5_bsp/\libucosii_bsp.a(alt_errno.o)
 .text          0x0000000004591f04       0x78 ../lab5_bsp/\libucosii_bsp.a(alt_fstat.o)
                0x0000000004591f04                fstat
 .text          0x0000000004591f7c       0xb8 ../lab5_bsp/\libucosii_bsp.a(alt_iic.o)
                0x0000000004591f7c                alt_ic_isr_register
                0x0000000004591f9c                alt_ic_irq_enable
                0x0000000004591fdc                alt_ic_irq_disable
                0x000000000459201c                alt_ic_irq_enabled
 .text          0x0000000004592034       0x6c ../lab5_bsp/\libucosii_bsp.a(alt_iic_isr_register.o)
                0x0000000004592034                alt_iic_isr_register
 .text          0x00000000045920a0        0x0 ../lab5_bsp/\libucosii_bsp.a(alt_irq_entry.o)
 .text          0x00000000045920a0        0x0 ../lab5_bsp/\libucosii_bsp.a(alt_irq_handler.o)
 .text          0x00000000045920a0        0x0 ../lab5_bsp/\libucosii_bsp.a(alt_irq_vars.o)
 .text          0x00000000045920a0       0x7c ../lab5_bsp/\libucosii_bsp.a(alt_isatty.o)
                0x00000000045920a0                isatty
 .text          0x000000000459211c      0x154 ../lab5_bsp/\libucosii_bsp.a(alt_load.o)
                0x000000000459211c                alt_load
 .text          0x0000000004592270       0x8c ../lab5_bsp/\libucosii_bsp.a(alt_lseek.o)
                0x0000000004592270                lseek
 .text          0x00000000045922fc       0xa8 ../lab5_bsp/\libucosii_bsp.a(alt_main.o)
                0x00000000045922fc                alt_main
 .text          0x00000000045923a4       0xe4 ../lab5_bsp/\libucosii_bsp.a(alt_read.o)
                0x00000000045923a4                read
 .text          0x0000000004592488       0x24 ../lab5_bsp/\libucosii_bsp.a(alt_release_fd.o)
                0x0000000004592488                alt_release_fd
 .text          0x00000000045924ac       0x4c ../lab5_bsp/\libucosii_bsp.a(alt_sbrk.o)
                0x00000000045924ac                sbrk
 .text          0x00000000045924f8       0xfc ../lab5_bsp/\libucosii_bsp.a(alt_tick.o)
                0x00000000045924f8                alt_alarm_stop
                0x0000000004592530                alt_tick
 .text          0x00000000045925f4       0xe0 ../lab5_bsp/\libucosii_bsp.a(alt_write.o)
                0x00000000045925f4                write
 .text          0x00000000045926d4       0xb8 ../lab5_bsp/\libucosii_bsp.a(alt_env_lock.o)
                0x00000000045926d4                __env_lock
                0x0000000004592754                __env_unlock
 .text          0x000000000459278c      0x120 ../lab5_bsp/\libucosii_bsp.a(alt_malloc_lock.o)
                0x000000000459278c                __malloc_lock
                0x0000000004592838                __malloc_unlock
 .text          0x00000000045928ac     0x11e4 ../lab5_bsp/\libucosii_bsp.a(os_core.o)
                0x00000000045928e8                OS_TaskIdle
                0x000000000459291c                OSIntEnter
                0x0000000004592958                OSIntExit
                0x0000000004592a04                OSSchedLock
                0x0000000004592a48                OSStart
                0x0000000004592a98                OSStatInit
                0x0000000004592af8                OSTimeTick
                0x0000000004592c18                OSVersion
                0x0000000004592c20                OS_Dummy
                0x0000000004592c24                OS_EventTaskWait
                0x0000000004592c94                OS_EventTaskWaitMulti
                0x0000000004592d1c                OS_EventTaskRemove
                0x0000000004592d58                OS_EventTaskRemoveMulti
                0x0000000004592dac                OS_EventTaskRdy
                0x0000000004592e9c                OS_EventWaitListInit
                0x0000000004592eb0                OS_MemClr
                0x0000000004592edc                OSInit
                0x00000000045930fc                OS_MemCopy
                0x0000000004593130                OS_Sched
                0x00000000045931bc                OSEventPendMulti
                0x0000000004593560                OSSchedUnlock
                0x00000000045935d8                OS_StrCopy
                0x0000000004593620                OSEventNameGet
                0x00000000045936dc                OS_StrLen
                0x0000000004593704                OSEventNameSet
                0x00000000045937e0                OS_TaskStatStkChk
                0x0000000004593874                OS_TaskStat
                0x000000000459390c                OS_TCBInit
 .text          0x0000000004593a90        0x4 ../lab5_bsp/\libucosii_bsp.a(os_dbg.o)
                0x0000000004593a90                OSDebugInit
 .text          0x0000000004593a94      0xde0 ../lab5_bsp/\libucosii_bsp.a(os_flag.o)
                0x0000000004593b40                OSFlagAccept
                0x0000000004593cd4                OSFlagCreate
                0x0000000004593d6c                OSFlagNameGet
                0x0000000004593e30                OSFlagNameSet
                0x0000000004593f14                OSFlagPendGetFlagsRdy
                0x0000000004593f3c                OSFlagQuery
                0x0000000004593f98                OS_FlagInit
                0x000000000459402c                OS_FlagUnlink
                0x00000000045940f4                OSFlagDel
                0x000000000459426c                OSFlagPost
                0x00000000045944cc                OSFlagPend
 .text          0x0000000004594874      0x448 ../lab5_bsp/\libucosii_bsp.a(os_mem.o)
                0x0000000004594874                OSMemCreate
                0x000000000459498c                OSMemGet
                0x00000000045949f8                OSMemNameGet
                0x0000000004594a9c                OSMemNameSet
                0x0000000004594b64                OSMemPut
                0x0000000004594bc8                OSMemQuery
                0x0000000004594c34                OS_MemInit
 .text          0x0000000004594cbc      0xa78 ../lab5_bsp/\libucosii_bsp.a(os_q.o)
                0x0000000004594cbc                OSQAccept
                0x0000000004594d5c                OSQCreate
                0x0000000004594e6c                OSQDel
                0x0000000004595020                OSQFlush
                0x0000000004595070                OSQPend
                0x0000000004595228                OSQPendAbort
                0x000000000459533c                OSQPost
                0x0000000004595404                OSQPostFront
                0x00000000045954cc                OSQPostOpt
                0x0000000004595634                OSQQuery
                0x00000000045956d4                OS_QInit
 .text          0x0000000004595734      0x66c ../lab5_bsp/\libucosii_bsp.a(os_sem.o)
                0x0000000004595734                OSSemAccept
                0x0000000004595780                OSSemCreate
                0x0000000004595814                OSSemDel
                0x0000000004595998                OSSemPend
                0x0000000004595b00                OSSemPendAbort
                0x0000000004595c14                OSSemPost
                0x0000000004595cb8                OSSemQuery
                0x0000000004595d30                OSSemSet
 .text          0x0000000004595da0      0xfac ../lab5_bsp/\libucosii_bsp.a(os_task.o)
                0x0000000004595da0                OSTaskChangePrio
                0x0000000004596058                OSTaskCreate
                0x000000000459617c                OSTaskDel
                0x0000000004596418                OSTaskDelReq
                0x00000000045964e8                OSTaskNameGet
                0x0000000004596604                OSTaskNameSet
                0x000000000459673c                OSTaskResume
                0x0000000004596868                OSTaskStkChk
                0x0000000004596970                OSTaskSuspend
                0x0000000004596ad4                OSTaskQuery
                0x0000000004596ba0                OS_TaskStkClr
                0x0000000004596bc4                OSTaskCreateExt
 .text          0x0000000004596d4c      0x320 ../lab5_bsp/\libucosii_bsp.a(os_time.o)
                0x0000000004596d4c                OSTimeDly
                0x0000000004596de8                OSTimeDlyHMSM
                0x0000000004596f0c                OSTimeDlyResume
                0x0000000004597024                OSTimeGet
                0x0000000004597048                OSTimeSet
 .text          0x000000000459706c       0x7c ../lab5_bsp/\libucosii_bsp.a(alt_sys_init.o)
                0x000000000459706c                alt_irq_init
                0x000000000459708c                alt_sys_init
 .text          0x00000000045970e8       0x98 ../lab5_bsp/\libucosii_bsp.a(altera_avalon_jtag_uart_fd.o)
                0x00000000045970e8                altera_avalon_jtag_uart_read_fd
                0x0000000004597110                altera_avalon_jtag_uart_write_fd
                0x0000000004597138                altera_avalon_jtag_uart_close_fd
                0x0000000004597160                altera_avalon_jtag_uart_ioctl_fd
 .text          0x0000000004597180      0x344 ../lab5_bsp/\libucosii_bsp.a(altera_avalon_jtag_uart_init.o)
                0x00000000045973c0                altera_avalon_jtag_uart_init
                0x0000000004597488                altera_avalon_jtag_uart_close
 .text          0x00000000045974c4       0x88 ../lab5_bsp/\libucosii_bsp.a(altera_avalon_jtag_uart_ioctl.o)
                0x00000000045974c4                altera_avalon_jtag_uart_ioctl
 .text          0x000000000459754c      0x1bc ../lab5_bsp/\libucosii_bsp.a(altera_avalon_jtag_uart_read.o)
                0x000000000459754c                altera_avalon_jtag_uart_read
 .text          0x0000000004597708      0x1e4 ../lab5_bsp/\libucosii_bsp.a(altera_avalon_jtag_uart_write.o)
                0x0000000004597708                altera_avalon_jtag_uart_write
 .text          0x00000000045978ec       0x94 ../lab5_bsp/\libucosii_bsp.a(altera_avalon_timer_sc.o)
                0x0000000004597928                alt_avalon_timer_sc_init
 .text          0x0000000004597980       0x94 ../lab5_bsp/\libucosii_bsp.a(alt_alarm_start.o)
                0x0000000004597980                alt_alarm_start
 .text          0x0000000004597a14       0x80 ../lab5_bsp/\libucosii_bsp.a(alt_dev_llist_insert.o)
                0x0000000004597a14                alt_dev_llist_insert
 .text          0x0000000004597a94       0x68 ../lab5_bsp/\libucosii_bsp.a(alt_do_ctors.o)
                0x0000000004597a94                _do_ctors
 .text          0x0000000004597afc       0x68 ../lab5_bsp/\libucosii_bsp.a(alt_do_dtors.o)
                0x0000000004597afc                _do_dtors
 .text          0x0000000004597b64        0x0 ../lab5_bsp/\libucosii_bsp.a(alt_exception_entry.o)
 .text          0x0000000004597b64       0x20 ../lab5_bsp/\libucosii_bsp.a(alt_icache_flush_all.o)
                0x0000000004597b64                alt_icache_flush_all
 .text          0x0000000004597b84       0xfc ../lab5_bsp/\libucosii_bsp.a(alt_io_redirect.o)
                0x0000000004597be8                alt_io_redirect
 .text          0x0000000004597c80      0x180 ../lab5_bsp/\libucosii_bsp.a(alt_open.o)
                0x0000000004597c80                open
 .text          0x0000000004597e00        0x8 ../lab5_bsp/\libucosii_bsp.a(altera_nios2_qsys_irq.o)
                0x0000000004597e00                altera_nios2_qsys_irq_init
 .text          0x0000000004597e08       0xd0 ../lab5_bsp/\libucosii_bsp.a(os_cpu_a.o)
                0x0000000004597e08                OSCtxSw
                0x0000000004597e08                OSIntCtxSw
                0x0000000004597e94                OSStartHighRdy
                0x0000000004597eb4                OSStartTsk
 .text          0x0000000004597ed8      0x1ec ../lab5_bsp/\libucosii_bsp.a(os_cpu_c.o)
                0x0000000004597ed8                OSTaskStkInit
                0x00000000045980a0                OSTaskCreateHook
                0x00000000045980a4                OSTaskDelHook
                0x00000000045980a8                OSTaskSwHook
                0x00000000045980ac                OSTaskStatHook
                0x00000000045980b0                OSTimeTickHook
                0x00000000045980b4                OSInitHookBegin
                0x00000000045980b8                OSInitHookEnd
                0x00000000045980bc                OSTaskIdleHook
                0x00000000045980c0                OSTCBInitHook
 .text          0x00000000045980c4       0x80 ../lab5_bsp/\libucosii_bsp.a(alt_find_dev.o)
                0x00000000045980c4                alt_find_dev
 .text          0x0000000004598144       0xc8 ../lab5_bsp/\libucosii_bsp.a(alt_find_file.o)
                0x0000000004598144                alt_find_file
 .text          0x000000000459820c       0xcc ../lab5_bsp/\libucosii_bsp.a(alt_get_fd.o)
                0x000000000459820c                alt_get_fd
 .text          0x00000000045982d8       0x58 ../lab5_bsp/\libucosii_bsp.a(alt_icache_flush.o)
                0x00000000045982d8                alt_icache_flush
 .text          0x0000000004598330       0x14 c:/altera/14.1/nios2eds/bin/gnu/h-x86_64-mingw32/bin/../lib/gcc/nios2-elf/4.8.3/../../../../../H-x86_64-mingw32/nios2-elf/lib\libc.a(lib_a-atexit.o)
                0x0000000004598330                atexit
 .text          0x0000000004598344       0x38 c:/altera/14.1/nios2eds/bin/gnu/h-x86_64-mingw32/bin/../lib/gcc/nios2-elf/4.8.3/../../../../../H-x86_64-mingw32/nios2-elf/lib\libc.a(lib_a-exit.o)
                0x0000000004598344                exit
 .text          0x000000000459837c       0x7c c:/altera/14.1/nios2eds/bin/gnu/h-x86_64-mingw32/bin/../lib/gcc/nios2-elf/4.8.3/../../../../../H-x86_64-mingw32/nios2-elf/lib\libc.a(lib_a-memcmp.o)
                0x000000000459837c                memcmp
 .text          0x00000000045983f8      0x11c c:/altera/14.1/nios2eds/bin/gnu/h-x86_64-mingw32/bin/../lib/gcc/nios2-elf/4.8.3/../../../../../H-x86_64-mingw32/nios2-elf/lib\libc.a(lib_a-__atexit.o)
                0x00000000045983f8                __register_exitproc
 .text          0x0000000004598514      0x1a4 c:/altera/14.1/nios2eds/bin/gnu/h-x86_64-mingw32/bin/../lib/gcc/nios2-elf/4.8.3/../../../../../H-x86_64-mingw32/nios2-elf/lib\libc.a(lib_a-__call_atexit.o)
                0x0000000004598514                __call_exitprocs
 .text          0x00000000045986b8       0x20 ../lab5_bsp/\libucosii_bsp.a(alt_exit.o)
                0x00000000045986b8                _exit
 *(.gnu.warning.*)
 *(.fini)
                0x00000000045986d8                PROVIDE (__etext, ABSOLUTE (.))
                0x00000000045986d8                PROVIDE (_etext, ABSOLUTE (.))
                0x00000000045986d8                PROVIDE (etext, ABSOLUTE (.))
 *(.eh_frame_hdr)
                0x00000000045986d8                . = ALIGN (0x4)
                0x00000000045986d8                PROVIDE (__preinit_array_start, ABSOLUTE (.))
 *(.preinit_array)
                0x00000000045986d8                PROVIDE (__preinit_array_end, ABSOLUTE (.))
                0x00000000045986d8                PROVIDE (__init_array_start, ABSOLUTE (.))
 *(.init_array)
                0x00000000045986d8                PROVIDE (__init_array_end, ABSOLUTE (.))
                0x00000000045986d8                PROVIDE (__fini_array_start, ABSOLUTE (.))
 *(.fini_array)
                0x00000000045986d8                PROVIDE (__fini_array_end, ABSOLUTE (.))
 *(.eh_frame)
 *(.gcc_except_table .gcc_except_table.*)
 *(.dynamic)
                0x00000000045986d8                PROVIDE (__CTOR_LIST__, ABSOLUTE (.))
 *(.ctors)
 *(SORT(.ctors.*))
                0x00000000045986d8                PROVIDE (__CTOR_END__, ABSOLUTE (.))
                0x00000000045986d8                PROVIDE (__DTOR_LIST__, ABSOLUTE (.))
 *(.dtors)
 *(SORT(.dtors.*))
                0x00000000045986d8                PROVIDE (__DTOR_END__, ABSOLUTE (.))
 *(.jcr)
                0x00000000045986d8                . = ALIGN (0x4)

.rodata         0x00000000045986d8   0x56e878
                0x00000000045986d8                PROVIDE (__ram_rodata_start, ABSOLUTE (.))
                0x00000000045986d8                . = ALIGN (0x4)
 *(.rodata .rodata.* .gnu.linkonce.r.*)
 .rodata        0x00000000045986d8     0x77f2 obj/default/fonts/tahomabold_20.o
 .rodata        0x000000000459feca    0x12520 obj/default/fonts/tahomabold_32.o
 *fill*         0x00000000045b23ea        0x2 
 .rodata.str1.4
                0x00000000045b23ec        0xe obj/default/graphic_lib/draw_gimps.o
                                         0x10 (size before relaxing)
 *fill*         0x00000000045b23fa        0x2 
 .rodata.str1.4
                0x00000000045b23fc       0x4d obj/default/hello_ucosii.o
                                         0x50 (size before relaxing)
 *fill*         0x00000000045b2449        0x3 
 .rodata        0x00000000045b244c     0x28cc obj/default/imagenes/back_down.o
                0x00000000045b244c                back_down
 .rodata        0x00000000045b4d18     0x28cc obj/default/imagenes/back_up.o
                0x00000000045b4d18                back_up
 .rodata        0x00000000045b75e4     0x28cc obj/default/imagenes/ford_down.o
                0x00000000045b75e4                ford_down
 .rodata        0x00000000045b9eb0     0x28cc obj/default/imagenes/ford_up.o
                0x00000000045b9eb0                ford_up
 .rodata        0x00000000045bc77c     0x8dd0 obj/default/imagenes/pause_down.o
                0x00000000045bc77c                pause_down
 .rodata        0x00000000045c554c     0x8dd0 obj/default/imagenes/pause_up.o
                0x00000000045c554c                pause_up
 .rodata        0x00000000045ce31c     0x7820 obj/default/imagenes/play_down.o
                0x00000000045ce31c                play_down
 .rodata        0x00000000045d5b3c     0x7820 obj/default/imagenes/play_up.o
                0x00000000045d5b3c                play_up
 .rodata        0x00000000045dd35c     0x7f88 obj/default/imagenes/stop_down.o
                0x00000000045dd35c                stop_down
 .rodata        0x00000000045e52e4     0x7f88 obj/default/imagenes/stop_up.o
                0x00000000045e52e4                stop_up
 .rodata        0x00000000045ed26c     0x41f8 obj/default/my_images/next_button.o
                0x00000000045ed26c                next_button
 .rodata        0x00000000045f1464     0x41f8 obj/default/my_images/next_button_down.o
                0x00000000045f1464                next_button_down
 .rodata        0x00000000045f565c     0x41f8 obj/default/my_images/prev_button.o
                0x00000000045f565c                prev_button
 .rodata        0x00000000045f9854     0x41f8 obj/default/my_images/prev_button_down.o
                0x00000000045f9854                prev_button_down
 .rodata        0x00000000045fda4c   0x142440 obj/default/song/song.o
                0x00000000045fda4c                song
 .rodata        0x000000000473fe8c   0x142440 obj/default/song2/song2.o
                0x000000000473fe8c                song2
 .rodata        0x00000000048822cc   0x142440 obj/default/song3/song3.o
                0x00000000048822cc                song3
 .rodata        0x00000000049c470c   0x142440 obj/default/song4/song4.o
                0x00000000049c470c                song4
 .rodata.str1.4
                0x0000000004b06b4c       0x42 c:/altera/14.1/nios2eds/bin/gnu/h-x86_64-mingw32/bin/../lib/gcc/nios2-elf/4.8.3/../../../../../H-x86_64-mingw32/nios2-elf/lib\libc.a(lib_a-vfprintf.o)
                                         0x44 (size before relaxing)
 .rodata        0x0000000004b06b8e       0x20 c:/altera/14.1/nios2eds/bin/gnu/h-x86_64-mingw32/bin/../lib/gcc/nios2-elf/4.8.3/../../../../../H-x86_64-mingw32/nios2-elf/lib\libc.a(lib_a-vfprintf.o)
 *fill*         0x0000000004b06bae        0x2 
 .rodata.str1.4
                0x0000000004b06bb0       0x10 c:/altera/14.1/nios2eds/bin/gnu/h-x86_64-mingw32/bin/../lib/gcc/nios2-elf/4.8.3/../../../../../H-x86_64-mingw32/nios2-elf/lib\libc.a(lib_a-dtoa.o)
                                         0x14 (size before relaxing)
 .rodata.str1.4
                0x0000000004b06bc0        0x2 c:/altera/14.1/nios2eds/bin/gnu/h-x86_64-mingw32/bin/../lib/gcc/nios2-elf/4.8.3/../../../../../H-x86_64-mingw32/nios2-elf/lib\libc.a(lib_a-impure.o)
                                          0x4 (size before relaxing)
 *fill*         0x0000000004b06bc2        0x2 
 .rodata.str1.4
                0x0000000004b06bc4        0xa c:/altera/14.1/nios2eds/bin/gnu/h-x86_64-mingw32/bin/../lib/gcc/nios2-elf/4.8.3/../../../../../H-x86_64-mingw32/nios2-elf/lib\libc.a(lib_a-locale.o)
                                         0x14 (size before relaxing)
 *fill*         0x0000000004b06bce        0x2 
 .rodata        0x0000000004b06bd0      0x124 c:/altera/14.1/nios2eds/bin/gnu/h-x86_64-mingw32/bin/../lib/gcc/nios2-elf/4.8.3/../../../../../H-x86_64-mingw32/nios2-elf/lib\libc.a(lib_a-mprec.o)
                0x0000000004b06bdc                __mprec_tinytens
                0x0000000004b06c04                __mprec_bigtens
                0x0000000004b06c2c                __mprec_tens
 .rodata.str1.4
                0x0000000000000000       0x30 c:/altera/14.1/nios2eds/bin/gnu/h-x86_64-mingw32/bin/../lib/gcc/nios2-elf/4.8.3/../../../../../H-x86_64-mingw32/nios2-elf/lib\libc.a(lib_a-vfiprintf.o)
 .rodata        0x0000000004b06cf4       0x20 c:/altera/14.1/nios2eds/bin/gnu/h-x86_64-mingw32/bin/../lib/gcc/nios2-elf/4.8.3/../../../../../H-x86_64-mingw32/nios2-elf/lib\libc.a(lib_a-vfiprintf.o)
 .rodata        0x0000000004b06d14      0x100 c:/altera/14.1/nios2eds/bin/gnu/h-x86_64-mingw32/bin/../lib/gcc/nios2-elf/4.8.3\libgcc.a(_clz.o)
                0x0000000004b06d14                __clz_tab
 .rodata.str1.4
                0x0000000004b06e14        0xa ../lab5_bsp/\libucosii_bsp.a(alt_dev.o)
                                          0xc (size before relaxing)
 *fill*         0x0000000004b06e1e        0x2 
 .rodata.str1.4
                0x0000000004b06e20        0xf ../lab5_bsp/\libucosii_bsp.a(alt_main.o)
                                         0x10 (size before relaxing)
 *fill*         0x0000000004b06e2f        0x1 
 .rodata.str1.4
                0x0000000004b06e30       0x20 ../lab5_bsp/\libucosii_bsp.a(os_core.o)
 .rodata        0x0000000004b06e50      0x100 ../lab5_bsp/\libucosii_bsp.a(os_core.o)
                0x0000000004b06e50                OSUnMapTbl
 .rodata.str1.4
                0x0000000000000000       0x10 ../lab5_bsp/\libucosii_bsp.a(alt_sys_init.o)
 .rodata.str1.4
                0x0000000000000000        0x4 ../lab5_bsp/\libucosii_bsp.a(os_cpu_c.o)
 *(.rodata1)
                0x0000000004b06f50                . = ALIGN (0x4)
                0x0000000004b06f50                PROVIDE (__ram_rodata_end, ABSOLUTE (.))
                0x00000000045986d8                PROVIDE (__flash_rodata_start, LOADADDR (.rodata))

.rwdata         0x0000000004b06f50     0x3724 load address 0x0000000004b0a674
                0x0000000004b06f50                PROVIDE (__ram_rwdata_start, ABSOLUTE (.))
                0x0000000004b06f50                . = ALIGN (0x4)
 *(.got.plt)
 *(.got)
 *(.data1)
 *(.data .data.* .gnu.linkonce.d.*)
 .data          0x0000000004b06f50        0x0 ../lab5_bsp//obj/HAL/src/crt0.o
 .data          0x0000000004b06f50        0x0 obj/default/drivers/drivers.o
 .data          0x0000000004b06f50      0xbc0 obj/default/fonts/tahomabold_20.o
                0x0000000004b06f50                tahomabold_20
 .data          0x0000000004b07b10      0xbc0 obj/default/fonts/tahomabold_32.o
                0x0000000004b07b10                tahomabold_32
 .data          0x0000000004b086d0        0x0 obj/default/frame.o
 .data          0x0000000004b086d0        0x0 obj/default/graphic_lib/draw_gimps.o
 .data          0x0000000004b086d0        0x0 obj/default/graphic_lib/gimp_bmp.o
 .data          0x0000000004b086d0      0x415 obj/default/graphic_lib/simple_graphics.o
                0x0000000004b086d0                cour10_font_array
 .data          0x0000000004b08ae5        0x0 obj/default/graphic_lib/simple_text.o
 .data          0x0000000004b08ae5        0x0 obj/default/hello_ucosii.o
 .data          0x0000000004b08ae5        0x0 obj/default/imagenes/back_down.o
 .data          0x0000000004b08ae5        0x0 obj/default/imagenes/back_up.o
 .data          0x0000000004b08ae5        0x0 obj/default/imagenes/ford_down.o
 .data          0x0000000004b08ae5        0x0 obj/default/imagenes/ford_up.o
 .data          0x0000000004b08ae5        0x0 obj/default/imagenes/pause_down.o
 .data          0x0000000004b08ae5        0x0 obj/default/imagenes/pause_up.o
 .data          0x0000000004b08ae5        0x0 obj/default/imagenes/play_down.o
 .data          0x0000000004b08ae5        0x0 obj/default/imagenes/play_up.o
 .data          0x0000000004b08ae5        0x0 obj/default/imagenes/stop_down.o
 .data          0x0000000004b08ae5        0x0 obj/default/imagenes/stop_up.o
 .data          0x0000000004b08ae5        0x0 obj/default/my_images/next_button.o
 .data          0x0000000004b08ae5        0x0 obj/default/my_images/next_button_down.o
 .data          0x0000000004b08ae5        0x0 obj/default/my_images/prev_button.o
 .data          0x0000000004b08ae5        0x0 obj/default/my_images/prev_button_down.o
 .data          0x0000000004b08ae5        0x0 obj/default/song/song.o
 .data          0x0000000004b08ae5        0x0 obj/default/song2/song2.o
 .data          0x0000000004b08ae5        0x0 obj/default/song3/song3.o
 .data          0x0000000004b08ae5        0x0 obj/default/song4/song4.o
 .data          0x0000000004b08ae5        0x0 obj/default/student_code/student_code.o
 .data          0x0000000004b08ae5        0x0 obj/default/vip_fr.o
 .data          0x0000000004b08ae5        0x0 c:/altera/14.1/nios2eds/bin/gnu/h-x86_64-mingw32/bin/../lib/gcc/nios2-elf/4.8.3\libgcc.a(lib2-divmod.o)
 .data          0x0000000004b08ae5        0x0 c:/altera/14.1/nios2eds/bin/gnu/h-x86_64-mingw32/bin/../lib/gcc/nios2-elf/4.8.3\libgcc.a(fixsfsi.o)
 .data          0x0000000004b08ae5        0x0 c:/altera/14.1/nios2eds/bin/gnu/h-x86_64-mingw32/bin/../lib/gcc/nios2-elf/4.8.3/../../../../../H-x86_64-mingw32/nios2-elf/lib\libc.a(lib_a-malloc.o)
 *fill*         0x0000000004b08ae5        0x3 
 .data          0x0000000004b08ae8      0x408 c:/altera/14.1/nios2eds/bin/gnu/h-x86_64-mingw32/bin/../lib/gcc/nios2-elf/4.8.3/../../../../../H-x86_64-mingw32/nios2-elf/lib\libc.a(lib_a-mallocr.o)
                0x0000000004b08ae8                __malloc_av_
 .data          0x0000000004b08ef0        0x0 c:/altera/14.1/nios2eds/bin/gnu/h-x86_64-mingw32/bin/../lib/gcc/nios2-elf/4.8.3/../../../../../H-x86_64-mingw32/nios2-elf/lib\libc.a(lib_a-memcpy.o)
 .data          0x0000000004b08ef0        0x0 c:/altera/14.1/nios2eds/bin/gnu/h-x86_64-mingw32/bin/../lib/gcc/nios2-elf/4.8.3/../../../../../H-x86_64-mingw32/nios2-elf/lib\libc.a(lib_a-memset.o)
 .data          0x0000000004b08ef0        0x0 c:/altera/14.1/nios2eds/bin/gnu/h-x86_64-mingw32/bin/../lib/gcc/nios2-elf/4.8.3/../../../../../H-x86_64-mingw32/nios2-elf/lib\libc.a(lib_a-printf.o)
 .data          0x0000000004b08ef0        0x0 c:/altera/14.1/nios2eds/bin/gnu/h-x86_64-mingw32/bin/../lib/gcc/nios2-elf/4.8.3/../../../../../H-x86_64-mingw32/nios2-elf/lib\libc.a(lib_a-sbrkr.o)
 .data          0x0000000004b08ef0        0x0 c:/altera/14.1/nios2eds/bin/gnu/h-x86_64-mingw32/bin/../lib/gcc/nios2-elf/4.8.3/../../../../../H-x86_64-mingw32/nios2-elf/lib\libc.a(lib_a-strcpy.o)
 .data          0x0000000004b08ef0        0x0 c:/altera/14.1/nios2eds/bin/gnu/h-x86_64-mingw32/bin/../lib/gcc/nios2-elf/4.8.3/../../../../../H-x86_64-mingw32/nios2-elf/lib\libc.a(lib_a-strlen.o)
 .data          0x0000000004b08ef0        0x0 c:/altera/14.1/nios2eds/bin/gnu/h-x86_64-mingw32/bin/../lib/gcc/nios2-elf/4.8.3/../../../../../H-x86_64-mingw32/nios2-elf/lib\libc.a(lib_a-vfprintf.o)
 .data          0x0000000004b08ef0        0x0 c:/altera/14.1/nios2eds/bin/gnu/h-x86_64-mingw32/bin/../lib/gcc/nios2-elf/4.8.3/../../../../../H-x86_64-mingw32/nios2-elf/lib\libc.a(lib_a-wsetup.o)
 .data          0x0000000004b08ef0        0x0 c:/altera/14.1/nios2eds/bin/gnu/h-x86_64-mingw32/bin/../lib/gcc/nios2-elf/4.8.3/../../../../../H-x86_64-mingw32/nios2-elf/lib\libc.a(lib_a-dtoa.o)
 .data          0x0000000004b08ef0        0x0 c:/altera/14.1/nios2eds/bin/gnu/h-x86_64-mingw32/bin/../lib/gcc/nios2-elf/4.8.3/../../../../../H-x86_64-mingw32/nios2-elf/lib\libc.a(lib_a-fflush.o)
 .data          0x0000000004b08ef0        0x0 c:/altera/14.1/nios2eds/bin/gnu/h-x86_64-mingw32/bin/../lib/gcc/nios2-elf/4.8.3/../../../../../H-x86_64-mingw32/nios2-elf/lib\libc.a(lib_a-findfp.o)
 .data          0x0000000004b08ef0        0x0 c:/altera/14.1/nios2eds/bin/gnu/h-x86_64-mingw32/bin/../lib/gcc/nios2-elf/4.8.3/../../../../../H-x86_64-mingw32/nios2-elf/lib\libc.a(lib_a-freer.o)
 .data          0x0000000004b08ef0        0x0 c:/altera/14.1/nios2eds/bin/gnu/h-x86_64-mingw32/bin/../lib/gcc/nios2-elf/4.8.3/../../../../../H-x86_64-mingw32/nios2-elf/lib\libc.a(lib_a-fwalk.o)
 .data          0x0000000004b08ef0      0x424 c:/altera/14.1/nios2eds/bin/gnu/h-x86_64-mingw32/bin/../lib/gcc/nios2-elf/4.8.3/../../../../../H-x86_64-mingw32/nios2-elf/lib\libc.a(lib_a-impure.o)
 .data          0x0000000004b09314        0x0 c:/altera/14.1/nios2eds/bin/gnu/h-x86_64-mingw32/bin/../lib/gcc/nios2-elf/4.8.3/../../../../../H-x86_64-mingw32/nios2-elf/lib\libc.a(lib_a-int_errno.o)
 .data          0x0000000004b09314       0x78 c:/altera/14.1/nios2eds/bin/gnu/h-x86_64-mingw32/bin/../lib/gcc/nios2-elf/4.8.3/../../../../../H-x86_64-mingw32/nios2-elf/lib\libc.a(lib_a-locale.o)
 .data          0x0000000004b0938c        0x0 c:/altera/14.1/nios2eds/bin/gnu/h-x86_64-mingw32/bin/../lib/gcc/nios2-elf/4.8.3/../../../../../H-x86_64-mingw32/nios2-elf/lib\libc.a(lib_a-makebuf.o)
 .data          0x0000000004b0938c        0x0 c:/altera/14.1/nios2eds/bin/gnu/h-x86_64-mingw32/bin/../lib/gcc/nios2-elf/4.8.3/../../../../../H-x86_64-mingw32/nios2-elf/lib\libc.a(lib_a-memchr.o)
 .data          0x0000000004b0938c        0x0 c:/altera/14.1/nios2eds/bin/gnu/h-x86_64-mingw32/bin/../lib/gcc/nios2-elf/4.8.3/../../../../../H-x86_64-mingw32/nios2-elf/lib\libc.a(lib_a-mprec.o)
 .data          0x0000000004b0938c        0x0 c:/altera/14.1/nios2eds/bin/gnu/h-x86_64-mingw32/bin/../lib/gcc/nios2-elf/4.8.3/../../../../../H-x86_64-mingw32/nios2-elf/lib\libc.a(lib_a-s_fpclassify.o)
 .data          0x0000000004b0938c        0x0 c:/altera/14.1/nios2eds/bin/gnu/h-x86_64-mingw32/bin/../lib/gcc/nios2-elf/4.8.3/../../../../../H-x86_64-mingw32/nios2-elf/lib\libc.a(lib_a-stdio.o)
 .data          0x0000000004b0938c        0x0 c:/altera/14.1/nios2eds/bin/gnu/h-x86_64-mingw32/bin/../lib/gcc/nios2-elf/4.8.3/../../../../../H-x86_64-mingw32/nios2-elf/lib\libc.a(lib_a-strcmp.o)
 .data          0x0000000004b0938c        0x0 c:/altera/14.1/nios2eds/bin/gnu/h-x86_64-mingw32/bin/../lib/gcc/nios2-elf/4.8.3/../../../../../H-x86_64-mingw32/nios2-elf/lib\libc.a(lib_a-vfiprintf.o)
 .data          0x0000000004b0938c        0x0 c:/altera/14.1/nios2eds/bin/gnu/h-x86_64-mingw32/bin/../lib/gcc/nios2-elf/4.8.3/../../../../../H-x86_64-mingw32/nios2-elf/lib\libc.a(lib_a-writer.o)
 .data          0x0000000004b0938c        0x0 c:/altera/14.1/nios2eds/bin/gnu/h-x86_64-mingw32/bin/../lib/gcc/nios2-elf/4.8.3/../../../../../H-x86_64-mingw32/nios2-elf/lib\libc.a(closer.o)
 .data          0x0000000004b0938c        0x0 c:/altera/14.1/nios2eds/bin/gnu/h-x86_64-mingw32/bin/../lib/gcc/nios2-elf/4.8.3/../../../../../H-x86_64-mingw32/nios2-elf/lib\libc.a(lib_a-callocr.o)
 .data          0x0000000004b0938c        0x0 c:/altera/14.1/nios2eds/bin/gnu/h-x86_64-mingw32/bin/../lib/gcc/nios2-elf/4.8.3/../../../../../H-x86_64-mingw32/nios2-elf/lib\libc.a(lib_a-fclose.o)
 .data          0x0000000004b0938c        0x0 c:/altera/14.1/nios2eds/bin/gnu/h-x86_64-mingw32/bin/../lib/gcc/nios2-elf/4.8.3/../../../../../H-x86_64-mingw32/nios2-elf/lib\libc.a(lib_a-fputwc.o)
 .data          0x0000000004b0938c        0x0 c:/altera/14.1/nios2eds/bin/gnu/h-x86_64-mingw32/bin/../lib/gcc/nios2-elf/4.8.3/../../../../../H-x86_64-mingw32/nios2-elf/lib\libc.a(lib_a-fstatr.o)
 .data          0x0000000004b0938c        0x0 c:/altera/14.1/nios2eds/bin/gnu/h-x86_64-mingw32/bin/../lib/gcc/nios2-elf/4.8.3/../../../../../H-x86_64-mingw32/nios2-elf/lib\libc.a(lib_a-fvwrite.o)
 .data          0x0000000004b0938c        0x0 c:/altera/14.1/nios2eds/bin/gnu/h-x86_64-mingw32/bin/../lib/gcc/nios2-elf/4.8.3/../../../../../H-x86_64-mingw32/nios2-elf/lib\libc.a(lib_a-isattyr.o)
 .data          0x0000000004b0938c        0x0 c:/altera/14.1/nios2eds/bin/gnu/h-x86_64-mingw32/bin/../lib/gcc/nios2-elf/4.8.3/../../../../../H-x86_64-mingw32/nios2-elf/lib\libc.a(lib_a-lseekr.o)
 .data          0x0000000004b0938c        0x0 c:/altera/14.1/nios2eds/bin/gnu/h-x86_64-mingw32/bin/../lib/gcc/nios2-elf/4.8.3/../../../../../H-x86_64-mingw32/nios2-elf/lib\libc.a(lib_a-memmove.o)
 .data          0x0000000004b0938c        0x0 c:/altera/14.1/nios2eds/bin/gnu/h-x86_64-mingw32/bin/../lib/gcc/nios2-elf/4.8.3/../../../../../H-x86_64-mingw32/nios2-elf/lib\libc.a(lib_a-readr.o)
 .data          0x0000000004b0938c        0x0 c:/altera/14.1/nios2eds/bin/gnu/h-x86_64-mingw32/bin/../lib/gcc/nios2-elf/4.8.3/../../../../../H-x86_64-mingw32/nios2-elf/lib\libc.a(lib_a-reallocr.o)
 .data          0x0000000004b0938c        0x0 c:/altera/14.1/nios2eds/bin/gnu/h-x86_64-mingw32/bin/../lib/gcc/nios2-elf/4.8.3/../../../../../H-x86_64-mingw32/nios2-elf/lib\libc.a(lib_a-wbuf.o)
 .data          0x0000000004b0938c        0x0 c:/altera/14.1/nios2eds/bin/gnu/h-x86_64-mingw32/bin/../lib/gcc/nios2-elf/4.8.3/../../../../../H-x86_64-mingw32/nios2-elf/lib\libc.a(lib_a-wcrtomb.o)
 .data          0x0000000004b0938c        0x0 c:/altera/14.1/nios2eds/bin/gnu/h-x86_64-mingw32/bin/../lib/gcc/nios2-elf/4.8.3/../../../../../H-x86_64-mingw32/nios2-elf/lib\libc.a(lib_a-wctomb_r.o)
 .data          0x0000000004b0938c        0x0 c:/altera/14.1/nios2eds/bin/gnu/h-x86_64-mingw32/bin/../lib/gcc/nios2-elf/4.8.3\libgcc.a(_udivdi3.o)
 .data          0x0000000004b0938c        0x0 c:/altera/14.1/nios2eds/bin/gnu/h-x86_64-mingw32/bin/../lib/gcc/nios2-elf/4.8.3\libgcc.a(_umoddi3.o)
 .data          0x0000000004b0938c        0x0 c:/altera/14.1/nios2eds/bin/gnu/h-x86_64-mingw32/bin/../lib/gcc/nios2-elf/4.8.3\libgcc.a(adddf3.o)
 .data          0x0000000004b0938c        0x0 c:/altera/14.1/nios2eds/bin/gnu/h-x86_64-mingw32/bin/../lib/gcc/nios2-elf/4.8.3\libgcc.a(divdf3.o)
 .data          0x0000000004b0938c        0x0 c:/altera/14.1/nios2eds/bin/gnu/h-x86_64-mingw32/bin/../lib/gcc/nios2-elf/4.8.3\libgcc.a(eqdf2.o)
 .data          0x0000000004b0938c        0x0 c:/altera/14.1/nios2eds/bin/gnu/h-x86_64-mingw32/bin/../lib/gcc/nios2-elf/4.8.3\libgcc.a(gedf2.o)
 .data          0x0000000004b0938c        0x0 c:/altera/14.1/nios2eds/bin/gnu/h-x86_64-mingw32/bin/../lib/gcc/nios2-elf/4.8.3\libgcc.a(ledf2.o)
 .data          0x0000000004b0938c        0x0 c:/altera/14.1/nios2eds/bin/gnu/h-x86_64-mingw32/bin/../lib/gcc/nios2-elf/4.8.3\libgcc.a(muldf3.o)
 .data          0x0000000004b0938c        0x0 c:/altera/14.1/nios2eds/bin/gnu/h-x86_64-mingw32/bin/../lib/gcc/nios2-elf/4.8.3\libgcc.a(subdf3.o)
 .data          0x0000000004b0938c        0x0 c:/altera/14.1/nios2eds/bin/gnu/h-x86_64-mingw32/bin/../lib/gcc/nios2-elf/4.8.3\libgcc.a(fixdfsi.o)
 .data          0x0000000004b0938c        0x0 c:/altera/14.1/nios2eds/bin/gnu/h-x86_64-mingw32/bin/../lib/gcc/nios2-elf/4.8.3\libgcc.a(floatsidf.o)
 .data          0x0000000004b0938c        0x0 c:/altera/14.1/nios2eds/bin/gnu/h-x86_64-mingw32/bin/../lib/gcc/nios2-elf/4.8.3\libgcc.a(floatunsidf.o)
 .data          0x0000000004b0938c        0x0 c:/altera/14.1/nios2eds/bin/gnu/h-x86_64-mingw32/bin/../lib/gcc/nios2-elf/4.8.3\libgcc.a(_clz.o)
 .data          0x0000000004b0938c        0x0 c:/altera/14.1/nios2eds/bin/gnu/h-x86_64-mingw32/bin/../lib/gcc/nios2-elf/4.8.3\libgcc.a(_clzsi2.o)
 .data          0x0000000004b0938c        0x0 ../lab5_bsp/\libucosii_bsp.a(alt_close.o)
 .data          0x0000000004b0938c        0x0 ../lab5_bsp/\libucosii_bsp.a(alt_dcache_flush_all.o)
 .data          0x0000000004b0938c      0x1a8 ../lab5_bsp/\libucosii_bsp.a(alt_dev.o)
                0x0000000004b0938c                alt_fd_list
                0x0000000004b0950c                alt_dev_null
 .data          0x0000000004b09534        0x0 ../lab5_bsp/\libucosii_bsp.a(alt_errno.o)
 .data          0x0000000004b09534        0x0 ../lab5_bsp/\libucosii_bsp.a(alt_fstat.o)
 .data          0x0000000004b09534        0x0 ../lab5_bsp/\libucosii_bsp.a(alt_iic.o)
 .data          0x0000000004b09534        0x0 ../lab5_bsp/\libucosii_bsp.a(alt_iic_isr_register.o)
 .data          0x0000000004b09534        0x0 ../lab5_bsp/\libucosii_bsp.a(alt_irq_entry.o)
 .data          0x0000000004b09534        0x0 ../lab5_bsp/\libucosii_bsp.a(alt_irq_handler.o)
 .data          0x0000000004b09534        0x0 ../lab5_bsp/\libucosii_bsp.a(alt_irq_vars.o)
 .data          0x0000000004b09534        0x0 ../lab5_bsp/\libucosii_bsp.a(alt_isatty.o)
 .data          0x0000000004b09534        0x0 ../lab5_bsp/\libucosii_bsp.a(alt_load.o)
 .data          0x0000000004b09534        0x0 ../lab5_bsp/\libucosii_bsp.a(alt_lseek.o)
 .data          0x0000000004b09534        0x0 ../lab5_bsp/\libucosii_bsp.a(alt_main.o)
 .data          0x0000000004b09534        0x0 ../lab5_bsp/\libucosii_bsp.a(alt_read.o)
 .data          0x0000000004b09534        0x0 ../lab5_bsp/\libucosii_bsp.a(alt_release_fd.o)
 .data          0x0000000004b09534        0x0 ../lab5_bsp/\libucosii_bsp.a(alt_sbrk.o)
 .data          0x0000000004b09534        0x0 ../lab5_bsp/\libucosii_bsp.a(alt_tick.o)
 .data          0x0000000004b09534        0x0 ../lab5_bsp/\libucosii_bsp.a(alt_write.o)
 .data          0x0000000004b09534        0x0 ../lab5_bsp/\libucosii_bsp.a(alt_env_lock.o)
 .data          0x0000000004b09534        0x0 ../lab5_bsp/\libucosii_bsp.a(alt_malloc_lock.o)
 .data          0x0000000004b09534        0x0 ../lab5_bsp/\libucosii_bsp.a(os_core.o)
 .data          0x0000000004b09534        0x0 ../lab5_bsp/\libucosii_bsp.a(os_dbg.o)
 .data          0x0000000004b09534        0x0 ../lab5_bsp/\libucosii_bsp.a(os_flag.o)
 .data          0x0000000004b09534        0x0 ../lab5_bsp/\libucosii_bsp.a(os_mem.o)
 .data          0x0000000004b09534        0x0 ../lab5_bsp/\libucosii_bsp.a(os_q.o)
 .data          0x0000000004b09534        0x0 ../lab5_bsp/\libucosii_bsp.a(os_sem.o)
 .data          0x0000000004b09534        0x0 ../lab5_bsp/\libucosii_bsp.a(os_task.o)
 .data          0x0000000004b09534        0x0 ../lab5_bsp/\libucosii_bsp.a(os_time.o)
 .data          0x0000000004b09534     0x106c ../lab5_bsp/\libucosii_bsp.a(alt_sys_init.o)
 .data          0x0000000004b0a5a0        0x0 ../lab5_bsp/\libucosii_bsp.a(altera_avalon_jtag_uart_fd.o)
 .data          0x0000000004b0a5a0        0x0 ../lab5_bsp/\libucosii_bsp.a(altera_avalon_jtag_uart_init.o)
 .data          0x0000000004b0a5a0        0x0 ../lab5_bsp/\libucosii_bsp.a(altera_avalon_jtag_uart_ioctl.o)
 .data          0x0000000004b0a5a0        0x0 ../lab5_bsp/\libucosii_bsp.a(altera_avalon_jtag_uart_read.o)
 .data          0x0000000004b0a5a0        0x0 ../lab5_bsp/\libucosii_bsp.a(altera_avalon_jtag_uart_write.o)
 .data          0x0000000004b0a5a0        0x0 ../lab5_bsp/\libucosii_bsp.a(altera_avalon_timer_sc.o)
 .data          0x0000000004b0a5a0        0x0 ../lab5_bsp/\libucosii_bsp.a(alt_alarm_start.o)
 .data          0x0000000004b0a5a0        0x0 ../lab5_bsp/\libucosii_bsp.a(alt_dev_llist_insert.o)
 .data          0x0000000004b0a5a0        0x0 ../lab5_bsp/\libucosii_bsp.a(alt_do_ctors.o)
 .data          0x0000000004b0a5a0        0x0 ../lab5_bsp/\libucosii_bsp.a(alt_do_dtors.o)
 .data          0x0000000004b0a5a0        0x0 ../lab5_bsp/\libucosii_bsp.a(alt_exception_entry.o)
 .data          0x0000000004b0a5a0        0x0 ../lab5_bsp/\libucosii_bsp.a(alt_icache_flush_all.o)
 .data          0x0000000004b0a5a0        0x0 ../lab5_bsp/\libucosii_bsp.a(alt_io_redirect.o)
 .data          0x0000000004b0a5a0        0x0 ../lab5_bsp/\libucosii_bsp.a(alt_open.o)
 .data          0x0000000004b0a5a0        0x0 ../lab5_bsp/\libucosii_bsp.a(altera_nios2_qsys_irq.o)
 .data          0x0000000004b0a5a0        0x0 ../lab5_bsp/\libucosii_bsp.a(os_cpu_a.o)
 .data          0x0000000004b0a5a0        0x0 ../lab5_bsp/\libucosii_bsp.a(os_cpu_c.o)
 .data          0x0000000004b0a5a0        0x0 ../lab5_bsp/\libucosii_bsp.a(alt_find_dev.o)
 .data          0x0000000004b0a5a0        0x0 ../lab5_bsp/\libucosii_bsp.a(alt_find_file.o)
 .data          0x0000000004b0a5a0        0x0 ../lab5_bsp/\libucosii_bsp.a(alt_get_fd.o)
 .data          0x0000000004b0a5a0        0x0 ../lab5_bsp/\libucosii_bsp.a(alt_icache_flush.o)
 .data          0x0000000004b0a5a0        0x0 c:/altera/14.1/nios2eds/bin/gnu/h-x86_64-mingw32/bin/../lib/gcc/nios2-elf/4.8.3/../../../../../H-x86_64-mingw32/nios2-elf/lib\libc.a(lib_a-atexit.o)
 .data          0x0000000004b0a5a0        0x0 c:/altera/14.1/nios2eds/bin/gnu/h-x86_64-mingw32/bin/../lib/gcc/nios2-elf/4.8.3/../../../../../H-x86_64-mingw32/nios2-elf/lib\libc.a(lib_a-exit.o)
 .data          0x0000000004b0a5a0        0x0 c:/altera/14.1/nios2eds/bin/gnu/h-x86_64-mingw32/bin/../lib/gcc/nios2-elf/4.8.3/../../../../../H-x86_64-mingw32/nios2-elf/lib\libc.a(lib_a-memcmp.o)
 .data          0x0000000004b0a5a0        0x0 c:/altera/14.1/nios2eds/bin/gnu/h-x86_64-mingw32/bin/../lib/gcc/nios2-elf/4.8.3/../../../../../H-x86_64-mingw32/nios2-elf/lib\libc.a(lib_a-__atexit.o)
 .data          0x0000000004b0a5a0        0x0 c:/altera/14.1/nios2eds/bin/gnu/h-x86_64-mingw32/bin/../lib/gcc/nios2-elf/4.8.3/../../../../../H-x86_64-mingw32/nios2-elf/lib\libc.a(lib_a-__call_atexit.o)
 .data          0x0000000004b0a5a0        0x0 ../lab5_bsp/\libucosii_bsp.a(alt_exit.o)
                0x0000000004b125a0                _gp = ABSOLUTE ((. + 0x8000))
                0x0000000004b125a0                PROVIDE (gp, _gp)
 *(.rwdata .rwdata.*)
 *(.sdata .sdata.* .gnu.linkonce.s.*)
 .sdata         0x0000000004b0a5a0        0x4 obj/default/graphic_lib/simple_graphics.o
                0x0000000004b0a5a0                cour10_font
 .sdata         0x0000000004b0a5a4        0x4 obj/default/hello_ucosii.o
                0x0000000004b0a5a4                freq_reader
 .sdata         0x0000000004b0a5a8        0x4 obj/default/song/song.o
                0x0000000004b0a5a8                size_song
 .sdata         0x0000000004b0a5ac        0x4 obj/default/song2/song2.o
                0x0000000004b0a5ac                size_song2
 .sdata         0x0000000004b0a5b0        0x4 obj/default/song3/song3.o
                0x0000000004b0a5b0                size_song3
 .sdata         0x0000000004b0a5b4        0x4 obj/default/song4/song4.o
                0x0000000004b0a5b4                size_song4
 .sdata         0x0000000004b0a5b8        0x8 c:/altera/14.1/nios2eds/bin/gnu/h-x86_64-mingw32/bin/../lib/gcc/nios2-elf/4.8.3/../../../../../H-x86_64-mingw32/nios2-elf/lib\libc.a(lib_a-mallocr.o)
                0x0000000004b0a5b8                __malloc_sbrk_base
                0x0000000004b0a5bc                __malloc_trim_threshold
 .sdata         0x0000000004b0a5c0        0x8 c:/altera/14.1/nios2eds/bin/gnu/h-x86_64-mingw32/bin/../lib/gcc/nios2-elf/4.8.3/../../../../../H-x86_64-mingw32/nios2-elf/lib\libc.a(lib_a-impure.o)
                0x0000000004b0a5c0                _global_impure_ptr
                0x0000000004b0a5c4                _impure_ptr
 .sdata         0x0000000004b0a5c8        0x4 c:/altera/14.1/nios2eds/bin/gnu/h-x86_64-mingw32/bin/../lib/gcc/nios2-elf/4.8.3/../../../../../H-x86_64-mingw32/nios2-elf/lib\libc.a(lib_a-locale.o)
                0x0000000004b0a5c8                __mb_cur_max
 .sdata         0x0000000004b0a5cc        0x4 c:/altera/14.1/nios2eds/bin/gnu/h-x86_64-mingw32/bin/../lib/gcc/nios2-elf/4.8.3/../../../../../H-x86_64-mingw32/nios2-elf/lib\libc.a(lib_a-wctomb_r.o)
                0x0000000004b0a5cc                __wctomb
 .sdata         0x0000000004b0a5d0       0x14 ../lab5_bsp/\libucosii_bsp.a(alt_dev.o)
                0x0000000004b0a5d0                alt_max_fd
                0x0000000004b0a5d4                alt_dev_list
                0x0000000004b0a5dc                alt_fs_list
 .sdata         0x0000000004b0a5e4        0x4 ../lab5_bsp/\libucosii_bsp.a(alt_errno.o)
                0x0000000004b0a5e4                alt_errno
 .sdata         0x0000000004b0a5e8        0x4 ../lab5_bsp/\libucosii_bsp.a(alt_irq_vars.o)
                0x0000000004b0a5e8                alt_priority_mask
 .sdata         0x0000000004b0a5ec        0x4 ../lab5_bsp/\libucosii_bsp.a(alt_sbrk.o)
 .sdata         0x0000000004b0a5f0        0x8 ../lab5_bsp/\libucosii_bsp.a(alt_tick.o)
                0x0000000004b0a5f0                alt_alarm_list
 .sdata         0x0000000004b0a5f8        0x4 ../lab5_bsp/\libucosii_bsp.a(alt_env_lock.o)
 .sdata         0x0000000004b0a5fc        0x4 ../lab5_bsp/\libucosii_bsp.a(alt_malloc_lock.o)
 .sdata         0x0000000004b0a600       0x74 ../lab5_bsp/\libucosii_bsp.a(os_dbg.o)
                0x0000000004b0a600                OSDataSize
                0x0000000004b0a602                OSTmrWheelTblSize
                0x0000000004b0a604                OSTmrWheelSize
                0x0000000004b0a606                OSTmrTblSize
                0x0000000004b0a608                OSTmrSize
                0x0000000004b0a60a                OSTmrCfgTicksPerSec
                0x0000000004b0a60c                OSTmrCfgWheelSize
                0x0000000004b0a60e                OSTmrCfgNameSize
                0x0000000004b0a610                OSTmrCfgMax
                0x0000000004b0a612                OSTmrEn
                0x0000000004b0a614                OSVersionNbr
                0x0000000004b0a616                OSTimeTickHookEn
                0x0000000004b0a618                OSTicksPerSec
                0x0000000004b0a61a                OSTCBSize
                0x0000000004b0a61c                OSTCBPrioTblMax
                0x0000000004b0a61e                OSTaskSwHookEn
                0x0000000004b0a620                OSTaskStatStkChkEn
                0x0000000004b0a622                OSTaskStatStkSize
                0x0000000004b0a624                OSTaskStatEn
                0x0000000004b0a626                OSTaskNameSize
                0x0000000004b0a628                OSTaskMax
                0x0000000004b0a62a                OSTaskProfileEn
                0x0000000004b0a62c                OSTaskIdleStkSize
                0x0000000004b0a62e                OSTaskDelEn
                0x0000000004b0a630                OSTaskCreateExtEn
                0x0000000004b0a632                OSTaskCreateEn
                0x0000000004b0a634                OSStkWidth
                0x0000000004b0a636                OSSemEn
                0x0000000004b0a638                OSRdyTblSize
                0x0000000004b0a63a                OSQSize
                0x0000000004b0a63c                OSQMax
                0x0000000004b0a63e                OSQEn
                0x0000000004b0a640                OSPtrSize
                0x0000000004b0a642                OSMutexEn
                0x0000000004b0a644                OSMemTblSize
                0x0000000004b0a646                OSMemSize
                0x0000000004b0a648                OSMemNameSize
                0x0000000004b0a64a                OSMemMax
                0x0000000004b0a64c                OSMemEn
                0x0000000004b0a64e                OSMboxEn
                0x0000000004b0a650                OSLowestPrio
                0x0000000004b0a652                OSFlagNameSize
                0x0000000004b0a654                OSFlagMax
                0x0000000004b0a656                OSFlagWidth
                0x0000000004b0a658                OSFlagNodeSize
                0x0000000004b0a65a                OSFlagGrpSize
                0x0000000004b0a65c                OSFlagEn
                0x0000000004b0a65e                OSEventMultiEn
                0x0000000004b0a660                OSEventTblSize
                0x0000000004b0a662                OSEventSize
                0x0000000004b0a664                OSEventNameSize
                0x0000000004b0a666                OSEventMax
                0x0000000004b0a668                OSEventEn
                0x0000000004b0a66c                OSEndiannessTest
                0x0000000004b0a670                OSDebugEn
 *(.sdata2 .sdata2.* .gnu.linkonce.s2.*)
                0x0000000004b0a674                . = ALIGN (0x4)
                0x0000000004b0a674                _edata = ABSOLUTE (.)
                0x0000000004b0a674                PROVIDE (edata, ABSOLUTE (.))
                0x0000000004b0a674                PROVIDE (__ram_rwdata_end, ABSOLUTE (.))
                0x0000000004b0a674                PROVIDE (__flash_rwdata_start, LOADADDR (.rwdata))

.bss            0x0000000004b0dd98     0xf410
                0x0000000004b0dd98                __bss_start = ABSOLUTE (.)
                0x0000000004b0dd98                PROVIDE (__sbss_start, ABSOLUTE (.))
                0x0000000004b0dd98                PROVIDE (___sbss_start, ABSOLUTE (.))
 *(.dynsbss)
 *(.sbss .sbss.* .gnu.linkonce.sb.*)
 .sbss          0x0000000004b0dd98        0x1 obj/default/drivers/drivers.o
 *fill*         0x0000000004b0dd99        0x3 
 .sbss          0x0000000004b0dd9c        0xc obj/default/hello_ucosii.o
                0x0000000004b0dd9c                address_counter
                0x0000000004b0dda0                play_song_prev
                0x0000000004b0dda1                audio_select
                0x0000000004b0dda2                prev_song
                0x0000000004b0dda3                next_song
                0x0000000004b0dda4                stop_song
                0x0000000004b0dda5                pause_song
                0x0000000004b0dda6                play_song
 .sbss          0x0000000004b0dda8        0x4 obj/default/hello_ucosii.o
                0x0000000004b0dda8                SW_Frame
 .sbss          0x0000000004b0ddac        0xc c:/altera/14.1/nios2eds/bin/gnu/h-x86_64-mingw32/bin/../lib/gcc/nios2-elf/4.8.3/../../../../../H-x86_64-mingw32/nios2-elf/lib\libc.a(lib_a-mallocr.o)
                0x0000000004b0ddac                __malloc_max_total_mem
                0x0000000004b0ddb0                __malloc_max_sbrked_mem
                0x0000000004b0ddb4                __malloc_top_pad
 .sbss          0x0000000004b0ddb8        0x4 c:/altera/14.1/nios2eds/bin/gnu/h-x86_64-mingw32/bin/../lib/gcc/nios2-elf/4.8.3/../../../../../H-x86_64-mingw32/nios2-elf/lib\libc.a(lib_a-int_errno.o)
                0x0000000004b0ddb8                errno
 .sbss          0x0000000004b0ddbc        0xc c:/altera/14.1/nios2eds/bin/gnu/h-x86_64-mingw32/bin/../lib/gcc/nios2-elf/4.8.3/../../../../../H-x86_64-mingw32/nios2-elf/lib\libc.a(lib_a-locale.o)
                0x0000000004b0ddbc                _PathLocale
                0x0000000004b0ddc0                __mlocale_changed
                0x0000000004b0ddc4                __nlocale_changed
 .sbss          0x0000000004b0ddc8        0x4 ../lab5_bsp/\libucosii_bsp.a(alt_dev.o)
                0x0000000004b0ddc8                alt_fd_list_lock
 .sbss          0x0000000004b0ddcc        0x4 ../lab5_bsp/\libucosii_bsp.a(alt_irq_vars.o)
                0x0000000004b0ddcc                alt_irq_active
 .sbss          0x0000000004b0ddd0        0xc ../lab5_bsp/\libucosii_bsp.a(alt_main.o)
                0x0000000004b0ddd0                alt_envp
                0x0000000004b0ddd4                alt_argv
                0x0000000004b0ddd8                alt_argc
 .sbss          0x0000000004b0dddc        0x8 ../lab5_bsp/\libucosii_bsp.a(alt_tick.o)
                0x0000000004b0dddc                _alt_nticks
                0x0000000004b0dde0                _alt_tick_rate
 .sbss          0x0000000004b0dde4        0x8 ../lab5_bsp/\libucosii_bsp.a(alt_env_lock.o)
                0x0000000004b0dde8                alt_envsem
 .sbss          0x0000000004b0ddec        0x8 ../lab5_bsp/\libucosii_bsp.a(alt_malloc_lock.o)
                0x0000000004b0ddf0                alt_heapsem
 .sbss          0x0000000004b0ddf4       0x50 ../lab5_bsp/\libucosii_bsp.a(os_core.o)
                0x0000000004b0ddf4                OSLockNesting
                0x0000000004b0ddf5                OSRunning
                0x0000000004b0ddf8                OSIdleCtr
                0x0000000004b0ddfc                OSPrioHighRdy
                0x0000000004b0ddfd                OSPrioCur
                0x0000000004b0de00                OSTCBList
                0x0000000004b0de04                OSTickStepState
                0x0000000004b0de08                OSCtxSwCtr
                0x0000000004b0de0c                OSIdleCtrMax
                0x0000000004b0de10                OSTCBFreeList
                0x0000000004b0de14                OSCPUUsage
                0x0000000004b0de15                OSTaskCtr
                0x0000000004b0de18                OSMemFreeList
                0x0000000004b0de1c                OSTCBHighRdy
                0x0000000004b0de20                OSQFreeList
                0x0000000004b0de24                OSRdyGrp
                0x0000000004b0de25                OSRdyTbl
                0x0000000004b0de28                OSEventFreeList
                0x0000000004b0de2c                OSIntNesting
                0x0000000004b0de30                OSTCBCur
                0x0000000004b0de34                OSTime
                0x0000000004b0de38                OSFlagFreeList
                0x0000000004b0de3c                OSStatRdy
                0x0000000004b0de40                OSIdleCtrRun
 *(.sbss2 .sbss2.* .gnu.linkonce.sb2.*)
 *(.scommon)
                0x0000000004b0de44                PROVIDE (__sbss_end, ABSOLUTE (.))
                0x0000000004b0de44                PROVIDE (___sbss_end, ABSOLUTE (.))
 *(.dynbss)
 *(.bss .bss.* .gnu.linkonce.b.*)
 .bss           0x0000000004b0de44        0x0 ../lab5_bsp//obj/HAL/src/crt0.o
 .bss           0x0000000004b0de44        0x0 obj/default/drivers/drivers.o
 .bss           0x0000000004b0de44        0x0 obj/default/fonts/tahomabold_20.o
 .bss           0x0000000004b0de44        0x0 obj/default/fonts/tahomabold_32.o
 .bss           0x0000000004b0de44        0x0 obj/default/frame.o
 .bss           0x0000000004b0de44        0x0 obj/default/graphic_lib/draw_gimps.o
 .bss           0x0000000004b0de44        0x0 obj/default/graphic_lib/gimp_bmp.o
 .bss           0x0000000004b0de44        0x0 obj/default/graphic_lib/simple_graphics.o
 .bss           0x0000000004b0de44        0x0 obj/default/graphic_lib/simple_text.o
 .bss           0x0000000004b0de44        0x0 obj/default/hello_ucosii.o
 .bss           0x0000000004b0de44        0x0 obj/default/imagenes/back_down.o
 .bss           0x0000000004b0de44        0x0 obj/default/imagenes/back_up.o
 .bss           0x0000000004b0de44        0x0 obj/default/imagenes/ford_down.o
 .bss           0x0000000004b0de44        0x0 obj/default/imagenes/ford_up.o
 .bss           0x0000000004b0de44        0x0 obj/default/imagenes/pause_down.o
 .bss           0x0000000004b0de44        0x0 obj/default/imagenes/pause_up.o
 .bss           0x0000000004b0de44        0x0 obj/default/imagenes/play_down.o
 .bss           0x0000000004b0de44        0x0 obj/default/imagenes/play_up.o
 .bss           0x0000000004b0de44        0x0 obj/default/imagenes/stop_down.o
 .bss           0x0000000004b0de44        0x0 obj/default/imagenes/stop_up.o
 .bss           0x0000000004b0de44        0x0 obj/default/my_images/next_button.o
 .bss           0x0000000004b0de44        0x0 obj/default/my_images/next_button_down.o
 .bss           0x0000000004b0de44        0x0 obj/default/my_images/prev_button.o
 .bss           0x0000000004b0de44        0x0 obj/default/my_images/prev_button_down.o
 .bss           0x0000000004b0de44        0x0 obj/default/song/song.o
 .bss           0x0000000004b0de44        0x0 obj/default/song2/song2.o
 .bss           0x0000000004b0de44        0x0 obj/default/song3/song3.o
 .bss           0x0000000004b0de44        0x0 obj/default/song4/song4.o
 .bss           0x0000000004b0de44        0x0 obj/default/student_code/student_code.o
 .bss           0x0000000004b0de44        0x0 obj/default/vip_fr.o
 .bss           0x0000000004b0de44        0x0 c:/altera/14.1/nios2eds/bin/gnu/h-x86_64-mingw32/bin/../lib/gcc/nios2-elf/4.8.3\libgcc.a(lib2-divmod.o)
 .bss           0x0000000004b0de44        0x0 c:/altera/14.1/nios2eds/bin/gnu/h-x86_64-mingw32/bin/../lib/gcc/nios2-elf/4.8.3\libgcc.a(fixsfsi.o)
 .bss           0x0000000004b0de44        0x0 c:/altera/14.1/nios2eds/bin/gnu/h-x86_64-mingw32/bin/../lib/gcc/nios2-elf/4.8.3/../../../../../H-x86_64-mingw32/nios2-elf/lib\libc.a(lib_a-malloc.o)
 .bss           0x0000000004b0de44       0x28 c:/altera/14.1/nios2eds/bin/gnu/h-x86_64-mingw32/bin/../lib/gcc/nios2-elf/4.8.3/../../../../../H-x86_64-mingw32/nios2-elf/lib\libc.a(lib_a-mallocr.o)
                0x0000000004b0de44                __malloc_current_mallinfo
 .bss           0x0000000004b0de6c        0x0 c:/altera/14.1/nios2eds/bin/gnu/h-x86_64-mingw32/bin/../lib/gcc/nios2-elf/4.8.3/../../../../../H-x86_64-mingw32/nios2-elf/lib\libc.a(lib_a-memcpy.o)
 .bss           0x0000000004b0de6c        0x0 c:/altera/14.1/nios2eds/bin/gnu/h-x86_64-mingw32/bin/../lib/gcc/nios2-elf/4.8.3/../../../../../H-x86_64-mingw32/nios2-elf/lib\libc.a(lib_a-memset.o)
 .bss           0x0000000004b0de6c        0x0 c:/altera/14.1/nios2eds/bin/gnu/h-x86_64-mingw32/bin/../lib/gcc/nios2-elf/4.8.3/../../../../../H-x86_64-mingw32/nios2-elf/lib\libc.a(lib_a-printf.o)
 .bss           0x0000000004b0de6c        0x0 c:/altera/14.1/nios2eds/bin/gnu/h-x86_64-mingw32/bin/../lib/gcc/nios2-elf/4.8.3/../../../../../H-x86_64-mingw32/nios2-elf/lib\libc.a(lib_a-sbrkr.o)
 .bss           0x0000000004b0de6c        0x0 c:/altera/14.1/nios2eds/bin/gnu/h-x86_64-mingw32/bin/../lib/gcc/nios2-elf/4.8.3/../../../../../H-x86_64-mingw32/nios2-elf/lib\libc.a(lib_a-strcpy.o)
 .bss           0x0000000004b0de6c        0x0 c:/altera/14.1/nios2eds/bin/gnu/h-x86_64-mingw32/bin/../lib/gcc/nios2-elf/4.8.3/../../../../../H-x86_64-mingw32/nios2-elf/lib\libc.a(lib_a-strlen.o)
 .bss           0x0000000004b0de6c        0x0 c:/altera/14.1/nios2eds/bin/gnu/h-x86_64-mingw32/bin/../lib/gcc/nios2-elf/4.8.3/../../../../../H-x86_64-mingw32/nios2-elf/lib\libc.a(lib_a-vfprintf.o)
 .bss           0x0000000004b0de6c        0x0 c:/altera/14.1/nios2eds/bin/gnu/h-x86_64-mingw32/bin/../lib/gcc/nios2-elf/4.8.3/../../../../../H-x86_64-mingw32/nios2-elf/lib\libc.a(lib_a-wsetup.o)
 .bss           0x0000000004b0de6c        0x0 c:/altera/14.1/nios2eds/bin/gnu/h-x86_64-mingw32/bin/../lib/gcc/nios2-elf/4.8.3/../../../../../H-x86_64-mingw32/nios2-elf/lib\libc.a(lib_a-dtoa.o)
 .bss           0x0000000004b0de6c        0x0 c:/altera/14.1/nios2eds/bin/gnu/h-x86_64-mingw32/bin/../lib/gcc/nios2-elf/4.8.3/../../../../../H-x86_64-mingw32/nios2-elf/lib\libc.a(lib_a-fflush.o)
 .bss           0x0000000004b0de6c        0x0 c:/altera/14.1/nios2eds/bin/gnu/h-x86_64-mingw32/bin/../lib/gcc/nios2-elf/4.8.3/../../../../../H-x86_64-mingw32/nios2-elf/lib\libc.a(lib_a-findfp.o)
 .bss           0x0000000004b0de6c        0x0 c:/altera/14.1/nios2eds/bin/gnu/h-x86_64-mingw32/bin/../lib/gcc/nios2-elf/4.8.3/../../../../../H-x86_64-mingw32/nios2-elf/lib\libc.a(lib_a-freer.o)
 .bss           0x0000000004b0de6c        0x0 c:/altera/14.1/nios2eds/bin/gnu/h-x86_64-mingw32/bin/../lib/gcc/nios2-elf/4.8.3/../../../../../H-x86_64-mingw32/nios2-elf/lib\libc.a(lib_a-fwalk.o)
 .bss           0x0000000004b0de6c        0x0 c:/altera/14.1/nios2eds/bin/gnu/h-x86_64-mingw32/bin/../lib/gcc/nios2-elf/4.8.3/../../../../../H-x86_64-mingw32/nios2-elf/lib\libc.a(lib_a-impure.o)
 .bss           0x0000000004b0de6c        0x0 c:/altera/14.1/nios2eds/bin/gnu/h-x86_64-mingw32/bin/../lib/gcc/nios2-elf/4.8.3/../../../../../H-x86_64-mingw32/nios2-elf/lib\libc.a(lib_a-int_errno.o)
 .bss           0x0000000004b0de6c        0x0 c:/altera/14.1/nios2eds/bin/gnu/h-x86_64-mingw32/bin/../lib/gcc/nios2-elf/4.8.3/../../../../../H-x86_64-mingw32/nios2-elf/lib\libc.a(lib_a-locale.o)
 .bss           0x0000000004b0de6c        0x0 c:/altera/14.1/nios2eds/bin/gnu/h-x86_64-mingw32/bin/../lib/gcc/nios2-elf/4.8.3/../../../../../H-x86_64-mingw32/nios2-elf/lib\libc.a(lib_a-makebuf.o)